2026-02-06 14:52:37.827 xcodebuild[40303:10242289] DVTCoreDeviceEnabledState: DVTCoreDeviceEnabledState_Disabled set via user default (DVTEnableCoreDevice=disabled)
Command line invocation:
    /Applications/Xcode.app/Contents/Developer/usr/bin/xcodebuild -project chat-storage.xcodeproj -scheme chat-storage -configuration Release build CODE_SIGNING_ALLOWED=NO

User defaults from command line:
    IDEPackageSupportUseBuiltinSCM = YES

Build settings from command line:
    CODE_SIGNING_ALLOWED = NO

--- xcodebuild: WARNING: Using the first of multiple matching destinations:
{ platform:macOS, arch:arm64, id:00008112-000578423ADA201E }
{ platform:macOS, arch:x86_64, id:00008112-000578423ADA201E }
{ platform:macOS, name:Any Mac }
Prepare packages

Computing target dependency graph and provisioning inputs

Create build description
Build description signature: 03e53479f0f9050774d497a394610ca0
Build description path: /Users/hljy/Library/Developer/Xcode/DerivedData/chat-storage-ddjpulttixxbqrehwthqgtinqmqv/Build/Intermediates.noindex/XCBuildData/03e53479f0f9050774d497a394610ca0.xcbuilddata

note: Building targets in dependency order
ClangStatCache /Applications/Xcode.app/Contents/Developer/Toolchains/XcodeDefault.xctoolchain/usr/bin/clang-stat-cache /Applications/Xcode.app/Contents/Developer/Platforms/MacOSX.platform/Developer/SDKs/MacOSX13.3.sdk /Users/hljy/Library/Developer/Xcode/DerivedData/SDKStatCaches.noindex/macosx13.3-22E245-.sdkstatcache
    cd /Users/hljy/macProjects/chat-storage/chat-storage.xcodeproj
    /Applications/Xcode.app/Contents/Developer/Toolchains/XcodeDefault.xctoolchain/usr/bin/clang-stat-cache /Applications/Xcode.app/Contents/Developer/Platforms/MacOSX.platform/Developer/SDKs/MacOSX13.3.sdk -o /Users/hljy/Library/Developer/Xcode/DerivedData/SDKStatCaches.noindex/macosx13.3-22E245-.sdkstatcache

ProcessInfoPlistFile /Users/hljy/Library/Developer/Xcode/DerivedData/chat-storage-ddjpulttixxbqrehwthqgtinqmqv/Build/Products/Release/chat-storage.app/Contents/Info.plist /Users/hljy/Library/Developer/Xcode/DerivedData/chat-storage-ddjpulttixxbqrehwthqgtinqmqv/Build/Intermediates.noindex/chat-storage.build/Release/chat-storage.build/empty-chat-storage.plist (in target 'chat-storage' from project 'chat-storage')
    cd /Users/hljy/macProjects/chat-storage
    builtin-infoPlistUtility /Users/hljy/Library/Developer/Xcode/DerivedData/chat-storage-ddjpulttixxbqrehwthqgtinqmqv/Build/Intermediates.noindex/chat-storage.build/Release/chat-storage.build/empty-chat-storage.plist -producttype com.apple.product-type.application -genpkginfo /Users/hljy/Library/Developer/Xcode/DerivedData/chat-storage-ddjpulttixxbqrehwthqgtinqmqv/Build/Products/Release/chat-storage.app/Contents/PkgInfo -expandbuildsettings -platform macosx -additionalcontentfile /Users/hljy/Library/Developer/Xcode/DerivedData/chat-storage-ddjpulttixxbqrehwthqgtinqmqv/Build/Intermediates.noindex/chat-storage.build/Release/chat-storage.build/assetcatalog_generated_info.plist -o /Users/hljy/Library/Developer/Xcode/DerivedData/chat-storage-ddjpulttixxbqrehwthqgtinqmqv/Build/Products/Release/chat-storage.app/Contents/Info.plist

SwiftDriver chat-storage normal x86_64 com.apple.xcode.tools.swift.compiler (in target 'chat-storage' from project 'chat-storage')
    cd /Users/hljy/macProjects/chat-storage
    builtin-SwiftDriver -- /Applications/Xcode.app/Contents/Developer/Toolchains/XcodeDefault.xctoolchain/usr/bin/swiftc -module-name chat_storage -O -whole-module-optimization -enforce-exclusivity\=checked @/Users/hljy/Library/Developer/Xcode/DerivedData/chat-storage-ddjpulttixxbqrehwthqgtinqmqv/Build/Intermediates.noindex/chat-storage.build/Release/chat-storage.build/Objects-normal/x86_64/chat-storage.SwiftFileList -sdk /Applications/Xcode.app/Contents/Developer/Platforms/MacOSX.platform/Developer/SDKs/MacOSX13.3.sdk -target x86_64-apple-macos13.3 -enable-bare-slash-regex -g -module-cache-path /Users/hljy/Library/Developer/Xcode/DerivedData/ModuleCache.noindex -Xfrontend -serialize-debugging-options -swift-version 5 -I /Users/hljy/Library/Developer/Xcode/DerivedData/chat-storage-ddjpulttixxbqrehwthqgtinqmqv/Build/Products/Release -F /Users/hljy/Library/Developer/Xcode/DerivedData/chat-storage-ddjpulttixxbqrehwthqgtinqmqv/Build/Products/Release -emit-localized-strings -emit-localized-strings-path /Users/hljy/Library/Developer/Xcode/DerivedData/chat-storage-ddjpulttixxbqrehwthqgtinqmqv/Build/Intermediates.noindex/chat-storage.build/Release/chat-storage.build/Objects-normal/x86_64 -c -num-threads 8 -Xcc -ivfsstatcache -Xcc /Users/hljy/Library/Developer/Xcode/DerivedData/SDKStatCaches.noindex/macosx13.3-22E245-.sdkstatcache -output-file-map /Users/hljy/Library/Developer/Xcode/DerivedData/chat-storage-ddjpulttixxbqrehwthqgtinqmqv/Build/Intermediates.noindex/chat-storage.build/Release/chat-storage.build/Objects-normal/x86_64/chat-storage-OutputFileMap.json -use-frontend-parseable-output -save-temps -no-color-diagnostics -serialize-diagnostics -emit-dependencies -emit-module -emit-module-path /Users/hljy/Library/Developer/Xcode/DerivedData/chat-storage-ddjpulttixxbqrehwthqgtinqmqv/Build/Intermediates.noindex/chat-storage.build/Release/chat-storage.build/Objects-normal/x86_64/chat_storage.swiftmodule -Xcc -I/Users/hljy/Library/Developer/Xcode/DerivedData/chat-storage-ddjpulttixxbqrehwthqgtinqmqv/Build/Intermediates.noindex/chat-storage.build/Release/chat-storage.build/swift-overrides.hmap -Xcc -iquote -Xcc /Users/hljy/Library/Developer/Xcode/DerivedData/chat-storage-ddjpulttixxbqrehwthqgtinqmqv/Build/Intermediates.noindex/chat-storage.build/Release/chat-storage.build/chat-storage-generated-files.hmap -Xcc -I/Users/hljy/Library/Developer/Xcode/DerivedData/chat-storage-ddjpulttixxbqrehwthqgtinqmqv/Build/Intermediates.noindex/chat-storage.build/Release/chat-storage.build/chat-storage-own-target-headers.hmap -Xcc -I/Users/hljy/Library/Developer/Xcode/DerivedData/chat-storage-ddjpulttixxbqrehwthqgtinqmqv/Build/Intermediates.noindex/chat-storage.build/Release/chat-storage.build/chat-storage-all-target-headers.hmap -Xcc -iquote -Xcc /Users/hljy/Library/Developer/Xcode/DerivedData/chat-storage-ddjpulttixxbqrehwthqgtinqmqv/Build/Intermediates.noindex/chat-storage.build/Release/chat-storage.build/chat-storage-project-headers.hmap -Xcc -I/Users/hljy/Library/Developer/Xcode/DerivedData/chat-storage-ddjpulttixxbqrehwthqgtinqmqv/Build/Products/Release/include -Xcc -I/Users/hljy/Library/Developer/Xcode/DerivedData/chat-storage-ddjpulttixxbqrehwthqgtinqmqv/Build/Intermediates.noindex/chat-storage.build/Release/chat-storage.build/DerivedSources-normal/x86_64 -Xcc -I/Users/hljy/Library/Developer/Xcode/DerivedData/chat-storage-ddjpulttixxbqrehwthqgtinqmqv/Build/Intermediates.noindex/chat-storage.build/Release/chat-storage.build/DerivedSources/x86_64 -Xcc -I/Users/hljy/Library/Developer/Xcode/DerivedData/chat-storage-ddjpulttixxbqrehwthqgtinqmqv/Build/Intermediates.noindex/chat-storage.build/Release/chat-storage.build/DerivedSources -emit-objc-header -emit-objc-header-path /Users/hljy/Library/Developer/Xcode/DerivedData/chat-storage-ddjpulttixxbqrehwthqgtinqmqv/Build/Intermediates.noindex/chat-storage.build/Release/chat-storage.build/Objects-normal/x86_64/chat_storage-Swift.h -working-directory /Users/hljy/macProjects/chat-storage -no-emit-module-separately-wmo

SwiftDriver chat-storage normal arm64 com.apple.xcode.tools.swift.compiler (in target 'chat-storage' from project 'chat-storage')
    cd /Users/hljy/macProjects/chat-storage
    builtin-SwiftDriver -- /Applications/Xcode.app/Contents/Developer/Toolchains/XcodeDefault.xctoolchain/usr/bin/swiftc -module-name chat_storage -O -whole-module-optimization -enforce-exclusivity\=checked @/Users/hljy/Library/Developer/Xcode/DerivedData/chat-storage-ddjpulttixxbqrehwthqgtinqmqv/Build/Intermediates.noindex/chat-storage.build/Release/chat-storage.build/Objects-normal/arm64/chat-storage.SwiftFileList -sdk /Applications/Xcode.app/Contents/Developer/Platforms/MacOSX.platform/Developer/SDKs/MacOSX13.3.sdk -target arm64-apple-macos13.3 -enable-bare-slash-regex -g -module-cache-path /Users/hljy/Library/Developer/Xcode/DerivedData/ModuleCache.noindex -Xfrontend -serialize-debugging-options -swift-version 5 -I /Users/hljy/Library/Developer/Xcode/DerivedData/chat-storage-ddjpulttixxbqrehwthqgtinqmqv/Build/Products/Release -F /Users/hljy/Library/Developer/Xcode/DerivedData/chat-storage-ddjpulttixxbqrehwthqgtinqmqv/Build/Products/Release -emit-localized-strings -emit-localized-strings-path /Users/hljy/Library/Developer/Xcode/DerivedData/chat-storage-ddjpulttixxbqrehwthqgtinqmqv/Build/Intermediates.noindex/chat-storage.build/Release/chat-storage.build/Objects-normal/arm64 -c -num-threads 8 -Xcc -ivfsstatcache -Xcc /Users/hljy/Library/Developer/Xcode/DerivedData/SDKStatCaches.noindex/macosx13.3-22E245-.sdkstatcache -output-file-map /Users/hljy/Library/Developer/Xcode/DerivedData/chat-storage-ddjpulttixxbqrehwthqgtinqmqv/Build/Intermediates.noindex/chat-storage.build/Release/chat-storage.build/Objects-normal/arm64/chat-storage-OutputFileMap.json -use-frontend-parseable-output -save-temps -no-color-diagnostics -serialize-diagnostics -emit-dependencies -emit-module -emit-module-path /Users/hljy/Library/Developer/Xcode/DerivedData/chat-storage-ddjpulttixxbqrehwthqgtinqmqv/Build/Intermediates.noindex/chat-storage.build/Release/chat-storage.build/Objects-normal/arm64/chat_storage.swiftmodule -Xcc -I/Users/hljy/Library/Developer/Xcode/DerivedData/chat-storage-ddjpulttixxbqrehwthqgtinqmqv/Build/Intermediates.noindex/chat-storage.build/Release/chat-storage.build/swift-overrides.hmap -Xcc -iquote -Xcc /Users/hljy/Library/Developer/Xcode/DerivedData/chat-storage-ddjpulttixxbqrehwthqgtinqmqv/Build/Intermediates.noindex/chat-storage.build/Release/chat-storage.build/chat-storage-generated-files.hmap -Xcc -I/Users/hljy/Library/Developer/Xcode/DerivedData/chat-storage-ddjpulttixxbqrehwthqgtinqmqv/Build/Intermediates.noindex/chat-storage.build/Release/chat-storage.build/chat-storage-own-target-headers.hmap -Xcc -I/Users/hljy/Library/Developer/Xcode/DerivedData/chat-storage-ddjpulttixxbqrehwthqgtinqmqv/Build/Intermediates.noindex/chat-storage.build/Release/chat-storage.build/chat-storage-all-target-headers.hmap -Xcc -iquote -Xcc /Users/hljy/Library/Developer/Xcode/DerivedData/chat-storage-ddjpulttixxbqrehwthqgtinqmqv/Build/Intermediates.noindex/chat-storage.build/Release/chat-storage.build/chat-storage-project-headers.hmap -Xcc -I/Users/hljy/Library/Developer/Xcode/DerivedData/chat-storage-ddjpulttixxbqrehwthqgtinqmqv/Build/Products/Release/include -Xcc -I/Users/hljy/Library/Developer/Xcode/DerivedData/chat-storage-ddjpulttixxbqrehwthqgtinqmqv/Build/Intermediates.noindex/chat-storage.build/Release/chat-storage.build/DerivedSources-normal/arm64 -Xcc -I/Users/hljy/Library/Developer/Xcode/DerivedData/chat-storage-ddjpulttixxbqrehwthqgtinqmqv/Build/Intermediates.noindex/chat-storage.build/Release/chat-storage.build/DerivedSources/arm64 -Xcc -I/Users/hljy/Library/Developer/Xcode/DerivedData/chat-storage-ddjpulttixxbqrehwthqgtinqmqv/Build/Intermediates.noindex/chat-storage.build/Release/chat-storage.build/DerivedSources -emit-objc-header -emit-objc-header-path /Users/hljy/Library/Developer/Xcode/DerivedData/chat-storage-ddjpulttixxbqrehwthqgtinqmqv/Build/Intermediates.noindex/chat-storage.build/Release/chat-storage.build/Objects-normal/arm64/chat_storage-Swift.h -working-directory /Users/hljy/macProjects/chat-storage -no-emit-module-separately-wmo

SwiftCompile normal arm64 Compiling\ MainChatStorage.swift,\ ConfigServerView.swift,\ FrameTypeEnum.swift,\ FileDto.swift,\ InputValidator.swift,\ AuthenticationService.swift,\ LoginView.swift,\ SocketManager+FrameHandling.swift,\ FrameParser.swift,\ SocketManager.swift,\ Persistence.swift,\ Frame.swift,\ RegisterView.swift,\ UserDO.swift,\ UserRequest.swift,\ ContentView.swift,\ chat_storageApp.swift,\ FrameBuilder.swift,\ DirectoryService.swift,\ Item+CoreDataClass.swift,\ Item+CoreDataProperties.swift,\ TransferTaskEntity+CoreDataClass.swift,\ TransferTaskEntity+CoreDataProperties.swift,\ chat_storage+CoreDataModel.swift /Users/hljy/macProjects/chat-storage/chat-storage/MainChatStorage.swift /Users/hljy/macProjects/chat-storage/chat-storage/ConfigServerView.swift /Users/hljy/macProjects/chat-storage/chat-storage/Models/frame/FrameTypeEnum.swift /Users/hljy/macProjects/chat-storage/chat-storage/Models/do/FileDto.swift /Users/hljy/macProjects/chat-storage/chat-storage/InputValidator.swift /Users/hljy/macProjects/chat-storage/chat-storage/Services/AuthenticationService.swift /Users/hljy/macProjects/chat-storage/chat-storage/LoginView.swift /Users/hljy/macProjects/chat-storage/chat-storage/SocketManager+FrameHandling.swift /Users/hljy/macProjects/chat-storage/chat-storage/Models/frame/FrameParser.swift /Users/hljy/macProjects/chat-storage/chat-storage/SocketManager.swift /Users/hljy/macProjects/chat-storage/chat-storage/Persistence.swift /Users/hljy/macProjects/chat-storage/chat-storage/Models/frame/Frame.swift /Users/hljy/macProjects/chat-storage/chat-storage/RegisterView.swift /Users/hljy/macProjects/chat-storage/chat-storage/Models/do/UserDO.swift /Users/hljy/macProjects/chat-storage/chat-storage/Models/request/UserRequest.swift /Users/hljy/macProjects/chat-storage/chat-storage/ContentView.swift /Users/hljy/macProjects/chat-storage/chat-storage/chat_storageApp.swift /Users/hljy/macProjects/chat-storage/chat-storage/Models/frame/FrameBuilder.swift /Users/hljy/macProjects/chat-storage/chat-storage/Services/DirectoryService.swift /Users/hljy/Library/Developer/Xcode/DerivedData/chat-storage-ddjpulttixxbqrehwthqgtinqmqv/Build/Intermediates.noindex/chat-storage.build/Release/chat-storage.build/DerivedSources/CoreDataGenerated/chat_storage/Item+CoreDataClass.swift /Users/hljy/Library/Developer/Xcode/DerivedData/chat-storage-ddjpulttixxbqrehwthqgtinqmqv/Build/Intermediates.noindex/chat-storage.build/Release/chat-storage.build/DerivedSources/CoreDataGenerated/chat_storage/Item+CoreDataProperties.swift /Users/hljy/Library/Developer/Xcode/DerivedData/chat-storage-ddjpulttixxbqrehwthqgtinqmqv/Build/Intermediates.noindex/chat-storage.build/Release/chat-storage.build/DerivedSources/CoreDataGenerated/chat_storage/TransferTaskEntity+CoreDataClass.swift /Users/hljy/Library/Developer/Xcode/DerivedData/chat-storage-ddjpulttixxbqrehwthqgtinqmqv/Build/Intermediates.noindex/chat-storage.build/Release/chat-storage.build/DerivedSources/CoreDataGenerated/chat_storage/TransferTaskEntity+CoreDataProperties.swift /Users/hljy/Library/Developer/Xcode/DerivedData/chat-storage-ddjpulttixxbqrehwthqgtinqmqv/Build/Intermediates.noindex/chat-storage.build/Release/chat-storage.build/DerivedSources/CoreDataGenerated/chat_storage/chat_storage+CoreDataModel.swift (in target 'chat-storage' from project 'chat-storage')
    cd /Users/hljy/macProjects/chat-storage
    builtin-swiftTaskExecution -- /Applications/Xcode.app/Contents/Developer/Toolchains/XcodeDefault.xctoolchain/usr/bin/swift-frontend -frontend -c /Users/hljy/macProjects/chat-storage/chat-storage/MainChatStorage.swift /Users/hljy/macProjects/chat-storage/chat-storage/ConfigServerView.swift /Users/hljy/macProjects/chat-storage/chat-storage/Models/frame/FrameTypeEnum.swift /Users/hljy/macProjects/chat-storage/chat-storage/Models/do/FileDto.swift /Users/hljy/macProjects/chat-storage/chat-storage/InputValidator.swift /Users/hljy/macProjects/chat-storage/chat-storage/Services/AuthenticationService.swift /Users/hljy/macProjects/chat-storage/chat-storage/LoginView.swift /Users/hljy/macProjects/chat-storage/chat-storage/SocketManager+FrameHandling.swift /Users/hljy/macProjects/chat-storage/chat-storage/Models/frame/FrameParser.swift /Users/hljy/macProjects/chat-storage/chat-storage/SocketManager.swift /Users/hljy/macProjects/chat-storage/chat-storage/Persistence.swift /Users/hljy/macProjects/chat-storage/chat-storage/Models/frame/Frame.swift /Users/hljy/macProjects/chat-storage/chat-storage/RegisterView.swift /Users/hljy/macProjects/chat-storage/chat-storage/Models/do/UserDO.swift /Users/hljy/macProjects/chat-storage/chat-storage/Models/request/UserRequest.swift /Users/hljy/macProjects/chat-storage/chat-storage/ContentView.swift /Users/hljy/macProjects/chat-storage/chat-storage/chat_storageApp.swift /Users/hljy/macProjects/chat-storage/chat-storage/Models/frame/FrameBuilder.swift /Users/hljy/macProjects/chat-storage/chat-storage/Services/DirectoryService.swift /Users/hljy/Library/Developer/Xcode/DerivedData/chat-storage-ddjpulttixxbqrehwthqgtinqmqv/Build/Intermediates.noindex/chat-storage.build/Release/chat-storage.build/DerivedSources/CoreDataGenerated/chat_storage/Item+CoreDataClass.swift /Users/hljy/Library/Developer/Xcode/DerivedData/chat-storage-ddjpulttixxbqrehwthqgtinqmqv/Build/Intermediates.noindex/chat-storage.build/Release/chat-storage.build/DerivedSources/CoreDataGenerated/chat_storage/Item+CoreDataProperties.swift /Users/hljy/Library/Developer/Xcode/DerivedData/chat-storage-ddjpulttixxbqrehwthqgtinqmqv/Build/Intermediates.noindex/chat-storage.build/Release/chat-storage.build/DerivedSources/CoreDataGenerated/chat_storage/TransferTaskEntity+CoreDataClass.swift /Users/hljy/Library/Developer/Xcode/DerivedData/chat-storage-ddjpulttixxbqrehwthqgtinqmqv/Build/Intermediates.noindex/chat-storage.build/Release/chat-storage.build/DerivedSources/CoreDataGenerated/chat_storage/TransferTaskEntity+CoreDataProperties.swift /Users/hljy/Library/Developer/Xcode/DerivedData/chat-storage-ddjpulttixxbqrehwthqgtinqmqv/Build/Intermediates.noindex/chat-storage.build/Release/chat-storage.build/DerivedSources/CoreDataGenerated/chat_storage/chat_storage+CoreDataModel.swift -supplementary-output-file-map /Users/hljy/Library/Developer/Xcode/DerivedData/chat-storage-ddjpulttixxbqrehwthqgtinqmqv/Build/Intermediates.noindex/chat-storage.build/Release/chat-storage.build/Objects-normal/arm64/supplementaryOutputs-1 -emit-localized-strings -emit-localized-strings-path /Users/hljy/Library/Developer/Xcode/DerivedData/chat-storage-ddjpulttixxbqrehwthqgtinqmqv/Build/Intermediates.noindex/chat-storage.build/Release/chat-storage.build/Objects-normal/arm64 -target arm64-apple-macos13.3 -Xllvm -aarch64-use-tbi -enable-objc-interop -stack-check -sdk /Applications/Xcode.app/Contents/Developer/Platforms/MacOSX.platform/Developer/SDKs/MacOSX13.3.sdk -I /Users/hljy/Library/Developer/Xcode/DerivedData/chat-storage-ddjpulttixxbqrehwthqgtinqmqv/Build/Products/Release -F /Users/hljy/Library/Developer/Xcode/DerivedData/chat-storage-ddjpulttixxbqrehwthqgtinqmqv/Build/Products/Release -no-color-diagnostics -g -module-cache-path /Users/hljy/Library/Developer/Xcode/DerivedData/ModuleCache.noindex -swift-version 5 -enforce-exclusivity\=checked -O -serialize-debugging-options -enable-bare-slash-regex -empty-abi-descriptor -Xcc -working-directory -Xcc /Users/hljy/macProjects/chat-storage -resource-dir /Applications/Xcode.app/Contents/Developer/Toolchains/XcodeDefault.xctoolchain/usr/lib/swift -Xcc -ivfsstatcache -Xcc /Users/hljy/Library/Developer/Xcode/DerivedData/SDKStatCaches.noindex/macosx13.3-22E245-.sdkstatcache -Xcc -I/Users/hljy/Library/Developer/Xcode/DerivedData/chat-storage-ddjpulttixxbqrehwthqgtinqmqv/Build/Intermediates.noindex/chat-storage.build/Release/chat-storage.build/swift-overrides.hmap -Xcc -iquote -Xcc /Users/hljy/Library/Developer/Xcode/DerivedData/chat-storage-ddjpulttixxbqrehwthqgtinqmqv/Build/Intermediates.noindex/chat-storage.build/Release/chat-storage.build/chat-storage-generated-files.hmap -Xcc -I/Users/hljy/Library/Developer/Xcode/DerivedData/chat-storage-ddjpulttixxbqrehwthqgtinqmqv/Build/Intermediates.noindex/chat-storage.build/Release/chat-storage.build/chat-storage-own-target-headers.hmap -Xcc -I/Users/hljy/Library/Developer/Xcode/DerivedData/chat-storage-ddjpulttixxbqrehwthqgtinqmqv/Build/Intermediates.noindex/chat-storage.build/Release/chat-storage.build/chat-storage-all-target-headers.hmap -Xcc -iquote -Xcc /Users/hljy/Library/Developer/Xcode/DerivedData/chat-storage-ddjpulttixxbqrehwthqgtinqmqv/Build/Intermediates.noindex/chat-storage.build/Release/chat-storage.build/chat-storage-project-headers.hmap -Xcc -I/Users/hljy/Library/Developer/Xcode/DerivedData/chat-storage-ddjpulttixxbqrehwthqgtinqmqv/Build/Products/Release/include -Xcc -I/Users/hljy/Library/Developer/Xcode/DerivedData/chat-storage-ddjpulttixxbqrehwthqgtinqmqv/Build/Intermediates.noindex/chat-storage.build/Release/chat-storage.build/DerivedSources-normal/arm64 -Xcc -I/Users/hljy/Library/Developer/Xcode/DerivedData/chat-storage-ddjpulttixxbqrehwthqgtinqmqv/Build/Intermediates.noindex/chat-storage.build/Release/chat-storage.build/DerivedSources/arm64 -Xcc -I/Users/hljy/Library/Developer/Xcode/DerivedData/chat-storage-ddjpulttixxbqrehwthqgtinqmqv/Build/Intermediates.noindex/chat-storage.build/Release/chat-storage.build/DerivedSources -module-name chat_storage -frontend-parseable-output -disable-clang-spi -target-sdk-version 13.3 -target-sdk-name macosx13.3 -enable-default-cmo -num-threads 8 -o /Users/hljy/Library/Developer/Xcode/DerivedData/chat-storage-ddjpulttixxbqrehwthqgtinqmqv/Build/Intermediates.noindex/chat-storage.build/Release/chat-storage.build/Objects-normal/arm64/MainChatStorage.o -o /Users/hljy/Library/Developer/Xcode/DerivedData/chat-storage-ddjpulttixxbqrehwthqgtinqmqv/Build/Intermediates.noindex/chat-storage.build/Release/chat-storage.build/Objects-normal/arm64/ConfigServerView.o -o /Users/hljy/Library/Developer/Xcode/DerivedData/chat-storage-ddjpulttixxbqrehwthqgtinqmqv/Build/Intermediates.noindex/chat-storage.build/Release/chat-storage.build/Objects-normal/arm64/FrameTypeEnum.o -o /Users/hljy/Library/Developer/Xcode/DerivedData/chat-storage-ddjpulttixxbqrehwthqgtinqmqv/Build/Intermediates.noindex/chat-storage.build/Release/chat-storage.build/Objects-normal/arm64/FileDto.o -o /Users/hljy/Library/Developer/Xcode/DerivedData/chat-storage-ddjpulttixxbqrehwthqgtinqmqv/Build/Intermediates.noindex/chat-storage.build/Release/chat-storage.build/Objects-normal/arm64/InputValidator.o -o /Users/hljy/Library/Developer/Xcode/DerivedData/chat-storage-ddjpulttixxbqrehwthqgtinqmqv/Build/Intermediates.noindex/chat-storage.build/Release/chat-storage.build/Objects-normal/arm64/AuthenticationService.o -o /Users/hljy/Library/Developer/Xcode/DerivedData/chat-storage-ddjpulttixxbqrehwthqgtinqmqv/Build/Intermediates.noindex/chat-storage.build/Release/chat-storage.build/Objects-normal/arm64/LoginView.o -o /Users/hljy/Library/Developer/Xcode/DerivedData/chat-storage-ddjpulttixxbqrehwthqgtinqmqv/Build/Intermediates.noindex/chat-storage.build/Release/chat-storage.build/Objects-normal/arm64/SocketManager+FrameHandling.o -o /Users/hljy/Library/Developer/Xcode/DerivedData/chat-storage-ddjpulttixxbqrehwthqgtinqmqv/Build/Intermediates.noindex/chat-storage.build/Release/chat-storage.build/Objects-normal/arm64/FrameParser.o -o /Users/hljy/Library/Developer/Xcode/DerivedData/chat-storage-ddjpulttixxbqrehwthqgtinqmqv/Build/Intermediates.noindex/chat-storage.build/Release/chat-storage.build/Objects-normal/arm64/SocketManager.o -o /Users/hljy/Library/Developer/Xcode/DerivedData/chat-storage-ddjpulttixxbqrehwthqgtinqmqv/Build/Intermediates.noindex/chat-storage.build/Release/chat-storage.build/Objects-normal/arm64/Persistence.o -o /Users/hljy/Library/Developer/Xcode/DerivedData/chat-storage-ddjpulttixxbqrehwthqgtinqmqv/Build/Intermediates.noindex/chat-storage.build/Release/chat-storage.build/Objects-normal/arm64/Frame.o -o /Users/hljy/Library/Developer/Xcode/DerivedData/chat-storage-ddjpulttixxbqrehwthqgtinqmqv/Build/Intermediates.noindex/chat-storage.build/Release/chat-storage.build/Objects-normal/arm64/RegisterView.o -o /Users/hljy/Library/Developer/Xcode/DerivedData/chat-storage-ddjpulttixxbqrehwthqgtinqmqv/Build/Intermediates.noindex/chat-storage.build/Release/chat-storage.build/Objects-normal/arm64/UserDO.o -o /Users/hljy/Library/Developer/Xcode/DerivedData/chat-storage-ddjpulttixxbqrehwthqgtinqmqv/Build/Intermediates.noindex/chat-storage.build/Release/chat-storage.build/Objects-normal/arm64/UserRequest.o -o /Users/hljy/Library/Developer/Xcode/DerivedData/chat-storage-ddjpulttixxbqrehwthqgtinqmqv/Build/Intermediates.noindex/chat-storage.build/Release/chat-storage.build/Objects-normal/arm64/ContentView.o -o /Users/hljy/Library/Developer/Xcode/DerivedData/chat-storage-ddjpulttixxbqrehwthqgtinqmqv/Build/Intermediates.noindex/chat-storage.build/Release/chat-storage.build/Objects-normal/arm64/chat_storageApp.o -o /Users/hljy/Library/Developer/Xcode/DerivedData/chat-storage-ddjpulttixxbqrehwthqgtinqmqv/Build/Intermediates.noindex/chat-storage.build/Release/chat-storage.build/Objects-normal/arm64/FrameBuilder.o -o /Users/hljy/Library/Developer/Xcode/DerivedData/chat-storage-ddjpulttixxbqrehwthqgtinqmqv/Build/Intermediates.noindex/chat-storage.build/Release/chat-storage.build/Objects-normal/arm64/DirectoryService.o -o /Users/hljy/Library/Developer/Xcode/DerivedData/chat-storage-ddjpulttixxbqrehwthqgtinqmqv/Build/Intermediates.noindex/chat-storage.build/Release/chat-storage.build/Objects-normal/arm64/Item+CoreDataClass.o -o /Users/hljy/Library/Developer/Xcode/DerivedData/chat-storage-ddjpulttixxbqrehwthqgtinqmqv/Build/Intermediates.noindex/chat-storage.build/Release/chat-storage.build/Objects-normal/arm64/Item+CoreDataProperties.o -o /Users/hljy/Library/Developer/Xcode/DerivedData/chat-storage-ddjpulttixxbqrehwthqgtinqmqv/Build/Intermediates.noindex/chat-storage.build/Release/chat-storage.build/Objects-normal/arm64/TransferTaskEntity+CoreDataClass.o -o /Users/hljy/Library/Developer/Xcode/DerivedData/chat-storage-ddjpulttixxbqrehwthqgtinqmqv/Build/Intermediates.noindex/chat-storage.build/Release/chat-storage.build/Objects-normal/arm64/TransferTaskEntity+CoreDataProperties.o -o /Users/hljy/Library/Developer/Xcode/DerivedData/chat-storage-ddjpulttixxbqrehwthqgtinqmqv/Build/Intermediates.noindex/chat-storage.build/Release/chat-storage.build/Objects-normal/arm64/chat_storage+CoreDataModel.o -index-unit-output-path /chat-storage.build/Release/chat-storage.build/Objects-normal/arm64/MainChatStorage.o -index-unit-output-path /chat-storage.build/Release/chat-storage.build/Objects-normal/arm64/ConfigServerView.o -index-unit-output-path /chat-storage.build/Release/chat-storage.build/Objects-normal/arm64/FrameTypeEnum.o -index-unit-output-path /chat-storage.build/Release/chat-storage.build/Objects-normal/arm64/FileDto.o -index-unit-output-path /chat-storage.build/Release/chat-storage.build/Objects-normal/arm64/InputValidator.o -index-unit-output-path /chat-storage.build/Release/chat-storage.build/Objects-normal/arm64/AuthenticationService.o -index-unit-output-path /chat-storage.build/Release/chat-storage.build/Objects-normal/arm64/LoginView.o -index-unit-output-path /chat-storage.build/Release/chat-storage.build/Objects-normal/arm64/SocketManager+FrameHandling.o -index-unit-output-path /chat-storage.build/Release/chat-storage.build/Objects-normal/arm64/FrameParser.o -index-unit-output-path /chat-storage.build/Release/chat-storage.build/Objects-normal/arm64/SocketManager.o -index-unit-output-path /chat-storage.build/Release/chat-storage.build/Objects-normal/arm64/Persistence.o -index-unit-output-path /chat-storage.build/Release/chat-storage.build/Objects-normal/arm64/Frame.o -index-unit-output-path /chat-storage.build/Release/chat-storage.build/Objects-normal/arm64/RegisterView.o -index-unit-output-path /chat-storage.build/Release/chat-storage.build/Objects-normal/arm64/UserDO.o -index-unit-output-path /chat-storage.build/Release/chat-storage.build/Objects-normal/arm64/UserRequest.o -index-unit-output-path /chat-storage.build/Release/chat-storage.build/Objects-normal/arm64/ContentView.o -index-unit-output-path /chat-storage.build/Release/chat-storage.build/Objects-normal/arm64/chat_storageApp.o -index-unit-output-path /chat-storage.build/Release/chat-storage.build/Objects-normal/arm64/FrameBuilder.o -index-unit-output-path /chat-storage.build/Release/chat-storage.build/Objects-normal/arm64/DirectoryService.o -index-unit-output-path /chat-storage.build/Release/chat-storage.build/Objects-normal/arm64/Item+CoreDataClass.o -index-unit-output-path /chat-storage.build/Release/chat-storage.build/Objects-normal/arm64/Item+CoreDataProperties.o -index-unit-output-path /chat-storage.build/Release/chat-storage.build/Objects-normal/arm64/TransferTaskEntity+CoreDataClass.o -index-unit-output-path /chat-storage.build/Release/chat-storage.build/Objects-normal/arm64/TransferTaskEntity+CoreDataProperties.o -index-unit-output-path /chat-storage.build/Release/chat-storage.build/Objects-normal/arm64/chat_storage+CoreDataModel.o

CompileSwift normal arm64 (in target 'chat-storage' from project 'chat-storage')
    cd /Users/hljy/macProjects/chat-storage
    /Applications/Xcode.app/Contents/Developer/Toolchains/XcodeDefault.xctoolchain/usr/bin/swift-frontend -c /Users/hljy/macProjects/chat-storage/chat-storage/MainChatStorage.swift /Users/hljy/macProjects/chat-storage/chat-storage/ConfigServerView.swift /Users/hljy/macProjects/chat-storage/chat-storage/Models/frame/FrameTypeEnum.swift /Users/hljy/macProjects/chat-storage/chat-storage/Models/do/FileDto.swift /Users/hljy/macProjects/chat-storage/chat-storage/InputValidator.swift /Users/hljy/macProjects/chat-storage/chat-storage/Services/AuthenticationService.swift /Users/hljy/macProjects/chat-storage/chat-storage/LoginView.swift /Users/hljy/macProjects/chat-storage/chat-storage/SocketManager+FrameHandling.swift /Users/hljy/macProjects/chat-storage/chat-storage/Models/frame/FrameParser.swift /Users/hljy/macProjects/chat-storage/chat-storage/SocketManager.swift /Users/hljy/macProjects/chat-storage/chat-storage/Persistence.swift /Users/hljy/macProjects/chat-storage/chat-storage/Models/frame/Frame.swift /Users/hljy/macProjects/chat-storage/chat-storage/RegisterView.swift /Users/hljy/macProjects/chat-storage/chat-storage/Models/do/UserDO.swift /Users/hljy/macProjects/chat-storage/chat-storage/Models/request/UserRequest.swift /Users/hljy/macProjects/chat-storage/chat-storage/ContentView.swift /Users/hljy/macProjects/chat-storage/chat-storage/chat_storageApp.swift /Users/hljy/macProjects/chat-storage/chat-storage/Models/frame/FrameBuilder.swift /Users/hljy/macProjects/chat-storage/chat-storage/Services/DirectoryService.swift /Users/hljy/Library/Developer/Xcode/DerivedData/chat-storage-ddjpulttixxbqrehwthqgtinqmqv/Build/Intermediates.noindex/chat-storage.build/Release/chat-storage.build/DerivedSources/CoreDataGenerated/chat_storage/Item+CoreDataClass.swift /Users/hljy/Library/Developer/Xcode/DerivedData/chat-storage-ddjpulttixxbqrehwthqgtinqmqv/Build/Intermediates.noindex/chat-storage.build/Release/chat-storage.build/DerivedSources/CoreDataGenerated/chat_storage/Item+CoreDataProperties.swift /Users/hljy/Library/Developer/Xcode/DerivedData/chat-storage-ddjpulttixxbqrehwthqgtinqmqv/Build/Intermediates.noindex/chat-storage.build/Release/chat-storage.build/DerivedSources/CoreDataGenerated/chat_storage/TransferTaskEntity+CoreDataClass.swift /Users/hljy/Library/Developer/Xcode/DerivedData/chat-storage-ddjpulttixxbqrehwthqgtinqmqv/Build/Intermediates.noindex/chat-storage.build/Release/chat-storage.build/DerivedSources/CoreDataGenerated/chat_storage/TransferTaskEntity+CoreDataProperties.swift /Users/hljy/Library/Developer/Xcode/DerivedData/chat-storage-ddjpulttixxbqrehwthqgtinqmqv/Build/Intermediates.noindex/chat-storage.build/Release/chat-storage.build/DerivedSources/CoreDataGenerated/chat_storage/chat_storage+CoreDataModel.swift -supplementary-output-file-map /Users/hljy/Library/Developer/Xcode/DerivedData/chat-storage-ddjpulttixxbqrehwthqgtinqmqv/Build/Intermediates.noindex/chat-storage.build/Release/chat-storage.build/Objects-normal/arm64/supplementaryOutputs-1 -emit-localized-strings -emit-localized-strings-path /Users/hljy/Library/Developer/Xcode/DerivedData/chat-storage-ddjpulttixxbqrehwthqgtinqmqv/Build/Intermediates.noindex/chat-storage.build/Release/chat-storage.build/Objects-normal/arm64 -target arm64-apple-macos13.3 -Xllvm -aarch64-use-tbi -enable-objc-interop -stack-check -sdk /Applications/Xcode.app/Contents/Developer/Platforms/MacOSX.platform/Developer/SDKs/MacOSX13.3.sdk -I /Users/hljy/Library/Developer/Xcode/DerivedData/chat-storage-ddjpulttixxbqrehwthqgtinqmqv/Build/Products/Release -F /Users/hljy/Library/Developer/Xcode/DerivedData/chat-storage-ddjpulttixxbqrehwthqgtinqmqv/Build/Products/Release -no-color-diagnostics -g -module-cache-path /Users/hljy/Library/Developer/Xcode/DerivedData/ModuleCache.noindex -swift-version 5 -enforce-exclusivity\=checked -O -serialize-debugging-options -enable-bare-slash-regex -empty-abi-descriptor -Xcc -working-directory -Xcc /Users/hljy/macProjects/chat-storage -resource-dir /Applications/Xcode.app/Contents/Developer/Toolchains/XcodeDefault.xctoolchain/usr/lib/swift -Xcc -ivfsstatcache -Xcc /Users/hljy/Library/Developer/Xcode/DerivedData/SDKStatCaches.noindex/macosx13.3-22E245-.sdkstatcache -Xcc -I/Users/hljy/Library/Developer/Xcode/DerivedData/chat-storage-ddjpulttixxbqrehwthqgtinqmqv/Build/Intermediates.noindex/chat-storage.build/Release/chat-storage.build/swift-overrides.hmap -Xcc -iquote -Xcc /Users/hljy/Library/Developer/Xcode/DerivedData/chat-storage-ddjpulttixxbqrehwthqgtinqmqv/Build/Intermediates.noindex/chat-storage.build/Release/chat-storage.build/chat-storage-generated-files.hmap -Xcc -I/Users/hljy/Library/Developer/Xcode/DerivedData/chat-storage-ddjpulttixxbqrehwthqgtinqmqv/Build/Intermediates.noindex/chat-storage.build/Release/chat-storage.build/chat-storage-own-target-headers.hmap -Xcc -I/Users/hljy/Library/Developer/Xcode/DerivedData/chat-storage-ddjpulttixxbqrehwthqgtinqmqv/Build/Intermediates.noindex/chat-storage.build/Release/chat-storage.build/chat-storage-all-target-headers.hmap -Xcc -iquote -Xcc /Users/hljy/Library/Developer/Xcode/DerivedData/chat-storage-ddjpulttixxbqrehwthqgtinqmqv/Build/Intermediates.noindex/chat-storage.build/Release/chat-storage.build/chat-storage-project-headers.hmap -Xcc -I/Users/hljy/Library/Developer/Xcode/DerivedData/chat-storage-ddjpulttixxbqrehwthqgtinqmqv/Build/Products/Release/include -Xcc -I/Users/hljy/Library/Developer/Xcode/DerivedData/chat-storage-ddjpulttixxbqrehwthqgtinqmqv/Build/Intermediates.noindex/chat-storage.build/Release/chat-storage.build/DerivedSources-normal/arm64 -Xcc -I/Users/hljy/Library/Developer/Xcode/DerivedData/chat-storage-ddjpulttixxbqrehwthqgtinqmqv/Build/Intermediates.noindex/chat-storage.build/Release/chat-storage.build/DerivedSources/arm64 -Xcc -I/Users/hljy/Library/Developer/Xcode/DerivedData/chat-storage-ddjpulttixxbqrehwthqgtinqmqv/Build/Intermediates.noindex/chat-storage.build/Release/chat-storage.build/DerivedSources -module-name chat_storage -frontend-parseable-output -disable-clang-spi -target-sdk-version 13.3 -target-sdk-name macosx13.3 -enable-default-cmo -num-threads 8 -o /Users/hljy/Library/Developer/Xcode/DerivedData/chat-storage-ddjpulttixxbqrehwthqgtinqmqv/Build/Intermediates.noindex/chat-storage.build/Release/chat-storage.build/Objects-normal/arm64/MainChatStorage.o -o /Users/hljy/Library/Developer/Xcode/DerivedData/chat-storage-ddjpulttixxbqrehwthqgtinqmqv/Build/Intermediates.noindex/chat-storage.build/Release/chat-storage.build/Objects-normal/arm64/ConfigServerView.o -o /Users/hljy/Library/Developer/Xcode/DerivedData/chat-storage-ddjpulttixxbqrehwthqgtinqmqv/Build/Intermediates.noindex/chat-storage.build/Release/chat-storage.build/Objects-normal/arm64/FrameTypeEnum.o -o /Users/hljy/Library/Developer/Xcode/DerivedData/chat-storage-ddjpulttixxbqrehwthqgtinqmqv/Build/Intermediates.noindex/chat-storage.build/Release/chat-storage.build/Objects-normal/arm64/FileDto.o -o /Users/hljy/Library/Developer/Xcode/DerivedData/chat-storage-ddjpulttixxbqrehwthqgtinqmqv/Build/Intermediates.noindex/chat-storage.build/Release/chat-storage.build/Objects-normal/arm64/InputValidator.o -o /Users/hljy/Library/Developer/Xcode/DerivedData/chat-storage-ddjpulttixxbqrehwthqgtinqmqv/Build/Intermediates.noindex/chat-storage.build/Release/chat-storage.build/Objects-normal/arm64/AuthenticationService.o -o /Users/hljy/Library/Developer/Xcode/DerivedData/chat-storage-ddjpulttixxbqrehwthqgtinqmqv/Build/Intermediates.noindex/chat-storage.build/Release/chat-storage.build/Objects-normal/arm64/LoginView.o -o /Users/hljy/Library/Developer/Xcode/DerivedData/chat-storage-ddjpulttixxbqrehwthqgtinqmqv/Build/Intermediates.noindex/chat-storage.build/Release/chat-storage.build/Objects-normal/arm64/SocketManager+FrameHandling.o -o /Users/hljy/Library/Developer/Xcode/DerivedData/chat-storage-ddjpulttixxbqrehwthqgtinqmqv/Build/Intermediates.noindex/chat-storage.build/Release/chat-storage.build/Objects-normal/arm64/FrameParser.o -o /Users/hljy/Library/Developer/Xcode/DerivedData/chat-storage-ddjpulttixxbqrehwthqgtinqmqv/Build/Intermediates.noindex/chat-storage.build/Release/chat-storage.build/Objects-normal/arm64/SocketManager.o -o /Users/hljy/Library/Developer/Xcode/DerivedData/chat-storage-ddjpulttixxbqrehwthqgtinqmqv/Build/Intermediates.noindex/chat-storage.build/Release/chat-storage.build/Objects-normal/arm64/Persistence.o -o /Users/hljy/Library/Developer/Xcode/DerivedData/chat-storage-ddjpulttixxbqrehwthqgtinqmqv/Build/Intermediates.noindex/chat-storage.build/Release/chat-storage.build/Objects-normal/arm64/Frame.o -o /Users/hljy/Library/Developer/Xcode/DerivedData/chat-storage-ddjpulttixxbqrehwthqgtinqmqv/Build/Intermediates.noindex/chat-storage.build/Release/chat-storage.build/Objects-normal/arm64/RegisterView.o -o /Users/hljy/Library/Developer/Xcode/DerivedData/chat-storage-ddjpulttixxbqrehwthqgtinqmqv/Build/Intermediates.noindex/chat-storage.build/Release/chat-storage.build/Objects-normal/arm64/UserDO.o -o /Users/hljy/Library/Developer/Xcode/DerivedData/chat-storage-ddjpulttixxbqrehwthqgtinqmqv/Build/Intermediates.noindex/chat-storage.build/Release/chat-storage.build/Objects-normal/arm64/UserRequest.o -o /Users/hljy/Library/Developer/Xcode/DerivedData/chat-storage-ddjpulttixxbqrehwthqgtinqmqv/Build/Intermediates.noindex/chat-storage.build/Release/chat-storage.build/Objects-normal/arm64/ContentView.o -o /Users/hljy/Library/Developer/Xcode/DerivedData/chat-storage-ddjpulttixxbqrehwthqgtinqmqv/Build/Intermediates.noindex/chat-storage.build/Release/chat-storage.build/Objects-normal/arm64/chat_storageApp.o -o /Users/hljy/Library/Developer/Xcode/DerivedData/chat-storage-ddjpulttixxbqrehwthqgtinqmqv/Build/Intermediates.noindex/chat-storage.build/Release/chat-storage.build/Objects-normal/arm64/FrameBuilder.o -o /Users/hljy/Library/Developer/Xcode/DerivedData/chat-storage-ddjpulttixxbqrehwthqgtinqmqv/Build/Intermediates.noindex/chat-storage.build/Release/chat-storage.build/Objects-normal/arm64/DirectoryService.o -o /Users/hljy/Library/Developer/Xcode/DerivedData/chat-storage-ddjpulttixxbqrehwthqgtinqmqv/Build/Intermediates.noindex/chat-storage.build/Release/chat-storage.build/Objects-normal/arm64/Item+CoreDataClass.o -o /Users/hljy/Library/Developer/Xcode/DerivedData/chat-storage-ddjpulttixxbqrehwthqgtinqmqv/Build/Intermediates.noindex/chat-storage.build/Release/chat-storage.build/Objects-normal/arm64/Item+CoreDataProperties.o -o /Users/hljy/Library/Developer/Xcode/DerivedData/chat-storage-ddjpulttixxbqrehwthqgtinqmqv/Build/Intermediates.noindex/chat-storage.build/Release/chat-storage.build/Objects-normal/arm64/TransferTaskEntity+CoreDataClass.o -o /Users/hljy/Library/Developer/Xcode/DerivedData/chat-storage-ddjpulttixxbqrehwthqgtinqmqv/Build/Intermediates.noindex/chat-storage.build/Release/chat-storage.build/Objects-normal/arm64/TransferTaskEntity+CoreDataProperties.o -o /Users/hljy/Library/Developer/Xcode/DerivedData/chat-storage-ddjpulttixxbqrehwthqgtinqmqv/Build/Intermediates.noindex/chat-storage.build/Release/chat-storage.build/Objects-normal/arm64/chat_storage+CoreDataModel.o -index-unit-output-path /chat-storage.build/Release/chat-storage.build/Objects-normal/arm64/MainChatStorage.o -index-unit-output-path /chat-storage.build/Release/chat-storage.build/Objects-normal/arm64/ConfigServerView.o -index-unit-output-path /chat-storage.build/Release/chat-storage.build/Objects-normal/arm64/FrameTypeEnum.o -index-unit-output-path /chat-storage.build/Release/chat-storage.build/Objects-normal/arm64/FileDto.o -index-unit-output-path /chat-storage.build/Release/chat-storage.build/Objects-normal/arm64/InputValidator.o -index-unit-output-path /chat-storage.build/Release/chat-storage.build/Objects-normal/arm64/AuthenticationService.o -index-unit-output-path /chat-storage.build/Release/chat-storage.build/Objects-normal/arm64/LoginView.o -index-unit-output-path /chat-storage.build/Release/chat-storage.build/Objects-normal/arm64/SocketManager+FrameHandling.o -index-unit-output-path /chat-storage.build/Release/chat-storage.build/Objects-normal/arm64/FrameParser.o -index-unit-output-path /chat-storage.build/Release/chat-storage.build/Objects-normal/arm64/SocketManager.o -index-unit-output-path /chat-storage.build/Release/chat-storage.build/Objects-normal/arm64/Persistence.o -index-unit-output-path /chat-storage.build/Release/chat-storage.build/Objects-normal/arm64/Frame.o -index-unit-output-path /chat-storage.build/Release/chat-storage.build/Objects-normal/arm64/RegisterView.o -index-unit-output-path /chat-storage.build/Release/chat-storage.build/Objects-normal/arm64/UserDO.o -index-unit-output-path /chat-storage.build/Release/chat-storage.build/Objects-normal/arm64/UserRequest.o -index-unit-output-path /chat-storage.build/Release/chat-storage.build/Objects-normal/arm64/ContentView.o -index-unit-output-path /chat-storage.build/Release/chat-storage.build/Objects-normal/arm64/chat_storageApp.o -index-unit-output-path /chat-storage.build/Release/chat-storage.build/Objects-normal/arm64/FrameBuilder.o -index-unit-output-path /chat-storage.build/Release/chat-storage.build/Objects-normal/arm64/DirectoryService.o -index-unit-output-path /chat-storage.build/Release/chat-storage.build/Objects-normal/arm64/Item+CoreDataClass.o -index-unit-output-path /chat-storage.build/Release/chat-storage.build/Objects-normal/arm64/Item+CoreDataProperties.o -index-unit-output-path /chat-storage.build/Release/chat-storage.build/Objects-normal/arm64/TransferTaskEntity+CoreDataClass.o -index-unit-output-path /chat-storage.build/Release/chat-storage.build/Objects-normal/arm64/TransferTaskEntity+CoreDataProperties.o -index-unit-output-path /chat-storage.build/Release/chat-storage.build/Objects-normal/arm64/chat_storage+CoreDataModel.o
/Users/hljy/macProjects/chat-storage/chat-storage/Services/DirectoryService.swift:348:20: warning: value 'dataArray' was defined but never used; consider replacing with boolean test
            if let dataArray = data as? [[String: Any]] {
               ~~~~^~~~~~~~~~~~     ~~~
                                    is
/Users/hljy/macProjects/chat-storage/chat-storage/Services/DirectoryService.swift:354:25: warning: value 'dataDict' was defined but never used; consider replacing with boolean test
            else if let dataDict = data as? [String: Any] {
                    ~~~~^~~~~~~~~~~     ~~~
                                        is
/Users/hljy/macProjects/chat-storage/chat-storage/Services/DirectoryService.swift:419:34: error: value of optional type 'String?' must be unwrapped to a value of type 'String'
                userName: entity.userName,
                                 ^
/Users/hljy/macProjects/chat-storage/chat-storage/Services/DirectoryService.swift:419:34: note: coalesce using '??' to provide a default when the optional value contains 'nil'
                userName: entity.userName,
                                 ^
                                          ?? <#default value#>
/Users/hljy/macProjects/chat-storage/chat-storage/Services/DirectoryService.swift:419:34: note: force-unwrap using '!' to abort execution if the optional value contains 'nil'
                userName: entity.userName,
                                 ^
                                         !
/Users/hljy/macProjects/chat-storage/chat-storage/Services/DirectoryService.swift:822:17: warning: 'CC_MD5' was deprecated in macOS 10.15: This function is cryptographically broken and should not be used in security contexts. Clients should migrate to SHA256 (or stronger).
            _ = CC_MD5($0.baseAddress, CC_LONG(data.count), &digest)
                ^

SwiftCompile normal x86_64 Compiling\ MainChatStorage.swift,\ ConfigServerView.swift,\ FrameTypeEnum.swift,\ FileDto.swift,\ InputValidator.swift,\ AuthenticationService.swift,\ LoginView.swift,\ SocketManager+FrameHandling.swift,\ FrameParser.swift,\ SocketManager.swift,\ Persistence.swift,\ Frame.swift,\ RegisterView.swift,\ UserDO.swift,\ UserRequest.swift,\ ContentView.swift,\ chat_storageApp.swift,\ FrameBuilder.swift,\ DirectoryService.swift,\ Item+CoreDataClass.swift,\ Item+CoreDataProperties.swift,\ TransferTaskEntity+CoreDataClass.swift,\ TransferTaskEntity+CoreDataProperties.swift,\ chat_storage+CoreDataModel.swift /Users/hljy/macProjects/chat-storage/chat-storage/MainChatStorage.swift /Users/hljy/macProjects/chat-storage/chat-storage/ConfigServerView.swift /Users/hljy/macProjects/chat-storage/chat-storage/Models/frame/FrameTypeEnum.swift /Users/hljy/macProjects/chat-storage/chat-storage/Models/do/FileDto.swift /Users/hljy/macProjects/chat-storage/chat-storage/InputValidator.swift /Users/hljy/macProjects/chat-storage/chat-storage/Services/AuthenticationService.swift /Users/hljy/macProjects/chat-storage/chat-storage/LoginView.swift /Users/hljy/macProjects/chat-storage/chat-storage/SocketManager+FrameHandling.swift /Users/hljy/macProjects/chat-storage/chat-storage/Models/frame/FrameParser.swift /Users/hljy/macProjects/chat-storage/chat-storage/SocketManager.swift /Users/hljy/macProjects/chat-storage/chat-storage/Persistence.swift /Users/hljy/macProjects/chat-storage/chat-storage/Models/frame/Frame.swift /Users/hljy/macProjects/chat-storage/chat-storage/RegisterView.swift /Users/hljy/macProjects/chat-storage/chat-storage/Models/do/UserDO.swift /Users/hljy/macProjects/chat-storage/chat-storage/Models/request/UserRequest.swift /Users/hljy/macProjects/chat-storage/chat-storage/ContentView.swift /Users/hljy/macProjects/chat-storage/chat-storage/chat_storageApp.swift /Users/hljy/macProjects/chat-storage/chat-storage/Models/frame/FrameBuilder.swift /Users/hljy/macProjects/chat-storage/chat-storage/Services/DirectoryService.swift /Users/hljy/Library/Developer/Xcode/DerivedData/chat-storage-ddjpulttixxbqrehwthqgtinqmqv/Build/Intermediates.noindex/chat-storage.build/Release/chat-storage.build/DerivedSources/CoreDataGenerated/chat_storage/Item+CoreDataClass.swift /Users/hljy/Library/Developer/Xcode/DerivedData/chat-storage-ddjpulttixxbqrehwthqgtinqmqv/Build/Intermediates.noindex/chat-storage.build/Release/chat-storage.build/DerivedSources/CoreDataGenerated/chat_storage/Item+CoreDataProperties.swift /Users/hljy/Library/Developer/Xcode/DerivedData/chat-storage-ddjpulttixxbqrehwthqgtinqmqv/Build/Intermediates.noindex/chat-storage.build/Release/chat-storage.build/DerivedSources/CoreDataGenerated/chat_storage/TransferTaskEntity+CoreDataClass.swift /Users/hljy/Library/Developer/Xcode/DerivedData/chat-storage-ddjpulttixxbqrehwthqgtinqmqv/Build/Intermediates.noindex/chat-storage.build/Release/chat-storage.build/DerivedSources/CoreDataGenerated/chat_storage/TransferTaskEntity+CoreDataProperties.swift /Users/hljy/Library/Developer/Xcode/DerivedData/chat-storage-ddjpulttixxbqrehwthqgtinqmqv/Build/Intermediates.noindex/chat-storage.build/Release/chat-storage.build/DerivedSources/CoreDataGenerated/chat_storage/chat_storage+CoreDataModel.swift (in target 'chat-storage' from project 'chat-storage')
    cd /Users/hljy/macProjects/chat-storage
    builtin-swiftTaskExecution -- /Applications/Xcode.app/Contents/Developer/Toolchains/XcodeDefault.xctoolchain/usr/bin/swift-frontend -frontend -c /Users/hljy/macProjects/chat-storage/chat-storage/MainChatStorage.swift /Users/hljy/macProjects/chat-storage/chat-storage/ConfigServerView.swift /Users/hljy/macProjects/chat-storage/chat-storage/Models/frame/FrameTypeEnum.swift /Users/hljy/macProjects/chat-storage/chat-storage/Models/do/FileDto.swift /Users/hljy/macProjects/chat-storage/chat-storage/InputValidator.swift /Users/hljy/macProjects/chat-storage/chat-storage/Services/AuthenticationService.swift /Users/hljy/macProjects/chat-storage/chat-storage/LoginView.swift /Users/hljy/macProjects/chat-storage/chat-storage/SocketManager+FrameHandling.swift /Users/hljy/macProjects/chat-storage/chat-storage/Models/frame/FrameParser.swift /Users/hljy/macProjects/chat-storage/chat-storage/SocketManager.swift /Users/hljy/macProjects/chat-storage/chat-storage/Persistence.swift /Users/hljy/macProjects/chat-storage/chat-storage/Models/frame/Frame.swift /Users/hljy/macProjects/chat-storage/chat-storage/RegisterView.swift /Users/hljy/macProjects/chat-storage/chat-storage/Models/do/UserDO.swift /Users/hljy/macProjects/chat-storage/chat-storage/Models/request/UserRequest.swift /Users/hljy/macProjects/chat-storage/chat-storage/ContentView.swift /Users/hljy/macProjects/chat-storage/chat-storage/chat_storageApp.swift /Users/hljy/macProjects/chat-storage/chat-storage/Models/frame/FrameBuilder.swift /Users/hljy/macProjects/chat-storage/chat-storage/Services/DirectoryService.swift /Users/hljy/Library/Developer/Xcode/DerivedData/chat-storage-ddjpulttixxbqrehwthqgtinqmqv/Build/Intermediates.noindex/chat-storage.build/Release/chat-storage.build/DerivedSources/CoreDataGenerated/chat_storage/Item+CoreDataClass.swift /Users/hljy/Library/Developer/Xcode/DerivedData/chat-storage-ddjpulttixxbqrehwthqgtinqmqv/Build/Intermediates.noindex/chat-storage.build/Release/chat-storage.build/DerivedSources/CoreDataGenerated/chat_storage/Item+CoreDataProperties.swift /Users/hljy/Library/Developer/Xcode/DerivedData/chat-storage-ddjpulttixxbqrehwthqgtinqmqv/Build/Intermediates.noindex/chat-storage.build/Release/chat-storage.build/DerivedSources/CoreDataGenerated/chat_storage/TransferTaskEntity+CoreDataClass.swift /Users/hljy/Library/Developer/Xcode/DerivedData/chat-storage-ddjpulttixxbqrehwthqgtinqmqv/Build/Intermediates.noindex/chat-storage.build/Release/chat-storage.build/DerivedSources/CoreDataGenerated/chat_storage/TransferTaskEntity+CoreDataProperties.swift /Users/hljy/Library/Developer/Xcode/DerivedData/chat-storage-ddjpulttixxbqrehwthqgtinqmqv/Build/Intermediates.noindex/chat-storage.build/Release/chat-storage.build/DerivedSources/CoreDataGenerated/chat_storage/chat_storage+CoreDataModel.swift -supplementary-output-file-map /Users/hljy/Library/Developer/Xcode/DerivedData/chat-storage-ddjpulttixxbqrehwthqgtinqmqv/Build/Intermediates.noindex/chat-storage.build/Release/chat-storage.build/Objects-normal/x86_64/supplementaryOutputs-2 -emit-localized-strings -emit-localized-strings-path /Users/hljy/Library/Developer/Xcode/DerivedData/chat-storage-ddjpulttixxbqrehwthqgtinqmqv/Build/Intermediates.noindex/chat-storage.build/Release/chat-storage.build/Objects-normal/x86_64 -target x86_64-apple-macos13.3 -enable-objc-interop -stack-check -sdk /Applications/Xcode.app/Contents/Developer/Platforms/MacOSX.platform/Developer/SDKs/MacOSX13.3.sdk -I /Users/hljy/Library/Developer/Xcode/DerivedData/chat-storage-ddjpulttixxbqrehwthqgtinqmqv/Build/Products/Release -F /Users/hljy/Library/Developer/Xcode/DerivedData/chat-storage-ddjpulttixxbqrehwthqgtinqmqv/Build/Products/Release -no-color-diagnostics -g -module-cache-path /Users/hljy/Library/Developer/Xcode/DerivedData/ModuleCache.noindex -swift-version 5 -enforce-exclusivity\=checked -O -serialize-debugging-options -enable-bare-slash-regex -empty-abi-descriptor -Xcc -working-directory -Xcc /Users/hljy/macProjects/chat-storage -resource-dir /Applications/Xcode.app/Contents/Developer/Toolchains/XcodeDefault.xctoolchain/usr/lib/swift -Xcc -ivfsstatcache -Xcc /Users/hljy/Library/Developer/Xcode/DerivedData/SDKStatCaches.noindex/macosx13.3-22E245-.sdkstatcache -Xcc -I/Users/hljy/Library/Developer/Xcode/DerivedData/chat-storage-ddjpulttixxbqrehwthqgtinqmqv/Build/Intermediates.noindex/chat-storage.build/Release/chat-storage.build/swift-overrides.hmap -Xcc -iquote -Xcc /Users/hljy/Library/Developer/Xcode/DerivedData/chat-storage-ddjpulttixxbqrehwthqgtinqmqv/Build/Intermediates.noindex/chat-storage.build/Release/chat-storage.build/chat-storage-generated-files.hmap -Xcc -I/Users/hljy/Library/Developer/Xcode/DerivedData/chat-storage-ddjpulttixxbqrehwthqgtinqmqv/Build/Intermediates.noindex/chat-storage.build/Release/chat-storage.build/chat-storage-own-target-headers.hmap -Xcc -I/Users/hljy/Library/Developer/Xcode/DerivedData/chat-storage-ddjpulttixxbqrehwthqgtinqmqv/Build/Intermediates.noindex/chat-storage.build/Release/chat-storage.build/chat-storage-all-target-headers.hmap -Xcc -iquote -Xcc /Users/hljy/Library/Developer/Xcode/DerivedData/chat-storage-ddjpulttixxbqrehwthqgtinqmqv/Build/Intermediates.noindex/chat-storage.build/Release/chat-storage.build/chat-storage-project-headers.hmap -Xcc -I/Users/hljy/Library/Developer/Xcode/DerivedData/chat-storage-ddjpulttixxbqrehwthqgtinqmqv/Build/Products/Release/include -Xcc -I/Users/hljy/Library/Developer/Xcode/DerivedData/chat-storage-ddjpulttixxbqrehwthqgtinqmqv/Build/Intermediates.noindex/chat-storage.build/Release/chat-storage.build/DerivedSources-normal/x86_64 -Xcc -I/Users/hljy/Library/Developer/Xcode/DerivedData/chat-storage-ddjpulttixxbqrehwthqgtinqmqv/Build/Intermediates.noindex/chat-storage.build/Release/chat-storage.build/DerivedSources/x86_64 -Xcc -I/Users/hljy/Library/Developer/Xcode/DerivedData/chat-storage-ddjpulttixxbqrehwthqgtinqmqv/Build/Intermediates.noindex/chat-storage.build/Release/chat-storage.build/DerivedSources -module-name chat_storage -frontend-parseable-output -disable-clang-spi -target-sdk-version 13.3 -target-sdk-name macosx13.3 -enable-default-cmo -num-threads 8 -o /Users/hljy/Library/Developer/Xcode/DerivedData/chat-storage-ddjpulttixxbqrehwthqgtinqmqv/Build/Intermediates.noindex/chat-storage.build/Release/chat-storage.build/Objects-normal/x86_64/MainChatStorage.o -o /Users/hljy/Library/Developer/Xcode/DerivedData/chat-storage-ddjpulttixxbqrehwthqgtinqmqv/Build/Intermediates.noindex/chat-storage.build/Release/chat-storage.build/Objects-normal/x86_64/ConfigServerView.o -o /Users/hljy/Library/Developer/Xcode/DerivedData/chat-storage-ddjpulttixxbqrehwthqgtinqmqv/Build/Intermediates.noindex/chat-storage.build/Release/chat-storage.build/Objects-normal/x86_64/FrameTypeEnum.o -o /Users/hljy/Library/Developer/Xcode/DerivedData/chat-storage-ddjpulttixxbqrehwthqgtinqmqv/Build/Intermediates.noindex/chat-storage.build/Release/chat-storage.build/Objects-normal/x86_64/FileDto.o -o /Users/hljy/Library/Developer/Xcode/DerivedData/chat-storage-ddjpulttixxbqrehwthqgtinqmqv/Build/Intermediates.noindex/chat-storage.build/Release/chat-storage.build/Objects-normal/x86_64/InputValidator.o -o /Users/hljy/Library/Developer/Xcode/DerivedData/chat-storage-ddjpulttixxbqrehwthqgtinqmqv/Build/Intermediates.noindex/chat-storage.build/Release/chat-storage.build/Objects-normal/x86_64/AuthenticationService.o -o /Users/hljy/Library/Developer/Xcode/DerivedData/chat-storage-ddjpulttixxbqrehwthqgtinqmqv/Build/Intermediates.noindex/chat-storage.build/Release/chat-storage.build/Objects-normal/x86_64/LoginView.o -o /Users/hljy/Library/Developer/Xcode/DerivedData/chat-storage-ddjpulttixxbqrehwthqgtinqmqv/Build/Intermediates.noindex/chat-storage.build/Release/chat-storage.build/Objects-normal/x86_64/SocketManager+FrameHandling.o -o /Users/hljy/Library/Developer/Xcode/DerivedData/chat-storage-ddjpulttixxbqrehwthqgtinqmqv/Build/Intermediates.noindex/chat-storage.build/Release/chat-storage.build/Objects-normal/x86_64/FrameParser.o -o /Users/hljy/Library/Developer/Xcode/DerivedData/chat-storage-ddjpulttixxbqrehwthqgtinqmqv/Build/Intermediates.noindex/chat-storage.build/Release/chat-storage.build/Objects-normal/x86_64/SocketManager.o -o /Users/hljy/Library/Developer/Xcode/DerivedData/chat-storage-ddjpulttixxbqrehwthqgtinqmqv/Build/Intermediates.noindex/chat-storage.build/Release/chat-storage.build/Objects-normal/x86_64/Persistence.o -o /Users/hljy/Library/Developer/Xcode/DerivedData/chat-storage-ddjpulttixxbqrehwthqgtinqmqv/Build/Intermediates.noindex/chat-storage.build/Release/chat-storage.build/Objects-normal/x86_64/Frame.o -o /Users/hljy/Library/Developer/Xcode/DerivedData/chat-storage-ddjpulttixxbqrehwthqgtinqmqv/Build/Intermediates.noindex/chat-storage.build/Release/chat-storage.build/Objects-normal/x86_64/RegisterView.o -o /Users/hljy/Library/Developer/Xcode/DerivedData/chat-storage-ddjpulttixxbqrehwthqgtinqmqv/Build/Intermediates.noindex/chat-storage.build/Release/chat-storage.build/Objects-normal/x86_64/UserDO.o -o /Users/hljy/Library/Developer/Xcode/DerivedData/chat-storage-ddjpulttixxbqrehwthqgtinqmqv/Build/Intermediates.noindex/chat-storage.build/Release/chat-storage.build/Objects-normal/x86_64/UserRequest.o -o /Users/hljy/Library/Developer/Xcode/DerivedData/chat-storage-ddjpulttixxbqrehwthqgtinqmqv/Build/Intermediates.noindex/chat-storage.build/Release/chat-storage.build/Objects-normal/x86_64/ContentView.o -o /Users/hljy/Library/Developer/Xcode/DerivedData/chat-storage-ddjpulttixxbqrehwthqgtinqmqv/Build/Intermediates.noindex/chat-storage.build/Release/chat-storage.build/Objects-normal/x86_64/chat_storageApp.o -o /Users/hljy/Library/Developer/Xcode/DerivedData/chat-storage-ddjpulttixxbqrehwthqgtinqmqv/Build/Intermediates.noindex/chat-storage.build/Release/chat-storage.build/Objects-normal/x86_64/FrameBuilder.o -o /Users/hljy/Library/Developer/Xcode/DerivedData/chat-storage-ddjpulttixxbqrehwthqgtinqmqv/Build/Intermediates.noindex/chat-storage.build/Release/chat-storage.build/Objects-normal/x86_64/DirectoryService.o -o /Users/hljy/Library/Developer/Xcode/DerivedData/chat-storage-ddjpulttixxbqrehwthqgtinqmqv/Build/Intermediates.noindex/chat-storage.build/Release/chat-storage.build/Objects-normal/x86_64/Item+CoreDataClass.o -o /Users/hljy/Library/Developer/Xcode/DerivedData/chat-storage-ddjpulttixxbqrehwthqgtinqmqv/Build/Intermediates.noindex/chat-storage.build/Release/chat-storage.build/Objects-normal/x86_64/Item+CoreDataProperties.o -o /Users/hljy/Library/Developer/Xcode/DerivedData/chat-storage-ddjpulttixxbqrehwthqgtinqmqv/Build/Intermediates.noindex/chat-storage.build/Release/chat-storage.build/Objects-normal/x86_64/TransferTaskEntity+CoreDataClass.o -o /Users/hljy/Library/Developer/Xcode/DerivedData/chat-storage-ddjpulttixxbqrehwthqgtinqmqv/Build/Intermediates.noindex/chat-storage.build/Release/chat-storage.build/Objects-normal/x86_64/TransferTaskEntity+CoreDataProperties.o -o /Users/hljy/Library/Developer/Xcode/DerivedData/chat-storage-ddjpulttixxbqrehwthqgtinqmqv/Build/Intermediates.noindex/chat-storage.build/Release/chat-storage.build/Objects-normal/x86_64/chat_storage+CoreDataModel.o -index-unit-output-path /chat-storage.build/Release/chat-storage.build/Objects-normal/x86_64/MainChatStorage.o -index-unit-output-path /chat-storage.build/Release/chat-storage.build/Objects-normal/x86_64/ConfigServerView.o -index-unit-output-path /chat-storage.build/Release/chat-storage.build/Objects-normal/x86_64/FrameTypeEnum.o -index-unit-output-path /chat-storage.build/Release/chat-storage.build/Objects-normal/x86_64/FileDto.o -index-unit-output-path /chat-storage.build/Release/chat-storage.build/Objects-normal/x86_64/InputValidator.o -index-unit-output-path /chat-storage.build/Release/chat-storage.build/Objects-normal/x86_64/AuthenticationService.o -index-unit-output-path /chat-storage.build/Release/chat-storage.build/Objects-normal/x86_64/LoginView.o -index-unit-output-path /chat-storage.build/Release/chat-storage.build/Objects-normal/x86_64/SocketManager+FrameHandling.o -index-unit-output-path /chat-storage.build/Release/chat-storage.build/Objects-normal/x86_64/FrameParser.o -index-unit-output-path /chat-storage.build/Release/chat-storage.build/Objects-normal/x86_64/SocketManager.o -index-unit-output-path /chat-storage.build/Release/chat-storage.build/Objects-normal/x86_64/Persistence.o -index-unit-output-path /chat-storage.build/Release/chat-storage.build/Objects-normal/x86_64/Frame.o -index-unit-output-path /chat-storage.build/Release/chat-storage.build/Objects-normal/x86_64/RegisterView.o -index-unit-output-path /chat-storage.build/Release/chat-storage.build/Objects-normal/x86_64/UserDO.o -index-unit-output-path /chat-storage.build/Release/chat-storage.build/Objects-normal/x86_64/UserRequest.o -index-unit-output-path /chat-storage.build/Release/chat-storage.build/Objects-normal/x86_64/ContentView.o -index-unit-output-path /chat-storage.build/Release/chat-storage.build/Objects-normal/x86_64/chat_storageApp.o -index-unit-output-path /chat-storage.build/Release/chat-storage.build/Objects-normal/x86_64/FrameBuilder.o -index-unit-output-path /chat-storage.build/Release/chat-storage.build/Objects-normal/x86_64/DirectoryService.o -index-unit-output-path /chat-storage.build/Release/chat-storage.build/Objects-normal/x86_64/Item+CoreDataClass.o -index-unit-output-path /chat-storage.build/Release/chat-storage.build/Objects-normal/x86_64/Item+CoreDataProperties.o -index-unit-output-path /chat-storage.build/Release/chat-storage.build/Objects-normal/x86_64/TransferTaskEntity+CoreDataClass.o -index-unit-output-path /chat-storage.build/Release/chat-storage.build/Objects-normal/x86_64/TransferTaskEntity+CoreDataProperties.o -index-unit-output-path /chat-storage.build/Release/chat-storage.build/Objects-normal/x86_64/chat_storage+CoreDataModel.o
CompileSwift normal x86_64 (in target 'chat-storage' from project 'chat-storage')
    cd /Users/hljy/macProjects/chat-storage
    /Applications/Xcode.app/Contents/Developer/Toolchains/XcodeDefault.xctoolchain/usr/bin/swift-frontend -c /Users/hljy/macProjects/chat-storage/chat-storage/MainChatStorage.swift /Users/hljy/macProjects/chat-storage/chat-storage/ConfigServerView.swift /Users/hljy/macProjects/chat-storage/chat-storage/Models/frame/FrameTypeEnum.swift /Users/hljy/macProjects/chat-storage/chat-storage/Models/do/FileDto.swift /Users/hljy/macProjects/chat-storage/chat-storage/InputValidator.swift /Users/hljy/macProjects/chat-storage/chat-storage/Services/AuthenticationService.swift /Users/hljy/macProjects/chat-storage/chat-storage/LoginView.swift /Users/hljy/macProjects/chat-storage/chat-storage/SocketManager+FrameHandling.swift /Users/hljy/macProjects/chat-storage/chat-storage/Models/frame/FrameParser.swift /Users/hljy/macProjects/chat-storage/chat-storage/SocketManager.swift /Users/hljy/macProjects/chat-storage/chat-storage/Persistence.swift /Users/hljy/macProjects/chat-storage/chat-storage/Models/frame/Frame.swift /Users/hljy/macProjects/chat-storage/chat-storage/RegisterView.swift /Users/hljy/macProjects/chat-storage/chat-storage/Models/do/UserDO.swift /Users/hljy/macProjects/chat-storage/chat-storage/Models/request/UserRequest.swift /Users/hljy/macProjects/chat-storage/chat-storage/ContentView.swift /Users/hljy/macProjects/chat-storage/chat-storage/chat_storageApp.swift /Users/hljy/macProjects/chat-storage/chat-storage/Models/frame/FrameBuilder.swift /Users/hljy/macProjects/chat-storage/chat-storage/Services/DirectoryService.swift /Users/hljy/Library/Developer/Xcode/DerivedData/chat-storage-ddjpulttixxbqrehwthqgtinqmqv/Build/Intermediates.noindex/chat-storage.build/Release/chat-storage.build/DerivedSources/CoreDataGenerated/chat_storage/Item+CoreDataClass.swift /Users/hljy/Library/Developer/Xcode/DerivedData/chat-storage-ddjpulttixxbqrehwthqgtinqmqv/Build/Intermediates.noindex/chat-storage.build/Release/chat-storage.build/DerivedSources/CoreDataGenerated/chat_storage/Item+CoreDataProperties.swift /Users/hljy/Library/Developer/Xcode/DerivedData/chat-storage-ddjpulttixxbqrehwthqgtinqmqv/Build/Intermediates.noindex/chat-storage.build/Release/chat-storage.build/DerivedSources/CoreDataGenerated/chat_storage/TransferTaskEntity+CoreDataClass.swift /Users/hljy/Library/Developer/Xcode/DerivedData/chat-storage-ddjpulttixxbqrehwthqgtinqmqv/Build/Intermediates.noindex/chat-storage.build/Release/chat-storage.build/DerivedSources/CoreDataGenerated/chat_storage/TransferTaskEntity+CoreDataProperties.swift /Users/hljy/Library/Developer/Xcode/DerivedData/chat-storage-ddjpulttixxbqrehwthqgtinqmqv/Build/Intermediates.noindex/chat-storage.build/Release/chat-storage.build/DerivedSources/CoreDataGenerated/chat_storage/chat_storage+CoreDataModel.swift -supplementary-output-file-map /Users/hljy/Library/Developer/Xcode/DerivedData/chat-storage-ddjpulttixxbqrehwthqgtinqmqv/Build/Intermediates.noindex/chat-storage.build/Release/chat-storage.build/Objects-normal/x86_64/supplementaryOutputs-2 -emit-localized-strings -emit-localized-strings-path /Users/hljy/Library/Developer/Xcode/DerivedData/chat-storage-ddjpulttixxbqrehwthqgtinqmqv/Build/Intermediates.noindex/chat-storage.build/Release/chat-storage.build/Objects-normal/x86_64 -target x86_64-apple-macos13.3 -enable-objc-interop -stack-check -sdk /Applications/Xcode.app/Contents/Developer/Platforms/MacOSX.platform/Developer/SDKs/MacOSX13.3.sdk -I /Users/hljy/Library/Developer/Xcode/DerivedData/chat-storage-ddjpulttixxbqrehwthqgtinqmqv/Build/Products/Release -F /Users/hljy/Library/Developer/Xcode/DerivedData/chat-storage-ddjpulttixxbqrehwthqgtinqmqv/Build/Products/Release -no-color-diagnostics -g -module-cache-path /Users/hljy/Library/Developer/Xcode/DerivedData/ModuleCache.noindex -swift-version 5 -enforce-exclusivity\=checked -O -serialize-debugging-options -enable-bare-slash-regex -empty-abi-descriptor -Xcc -working-directory -Xcc /Users/hljy/macProjects/chat-storage -resource-dir /Applications/Xcode.app/Contents/Developer/Toolchains/XcodeDefault.xctoolchain/usr/lib/swift -Xcc -ivfsstatcache -Xcc /Users/hljy/Library/Developer/Xcode/DerivedData/SDKStatCaches.noindex/macosx13.3-22E245-.sdkstatcache -Xcc -I/Users/hljy/Library/Developer/Xcode/DerivedData/chat-storage-ddjpulttixxbqrehwthqgtinqmqv/Build/Intermediates.noindex/chat-storage.build/Release/chat-storage.build/swift-overrides.hmap -Xcc -iquote -Xcc /Users/hljy/Library/Developer/Xcode/DerivedData/chat-storage-ddjpulttixxbqrehwthqgtinqmqv/Build/Intermediates.noindex/chat-storage.build/Release/chat-storage.build/chat-storage-generated-files.hmap -Xcc -I/Users/hljy/Library/Developer/Xcode/DerivedData/chat-storage-ddjpulttixxbqrehwthqgtinqmqv/Build/Intermediates.noindex/chat-storage.build/Release/chat-storage.build/chat-storage-own-target-headers.hmap -Xcc -I/Users/hljy/Library/Developer/Xcode/DerivedData/chat-storage-ddjpulttixxbqrehwthqgtinqmqv/Build/Intermediates.noindex/chat-storage.build/Release/chat-storage.build/chat-storage-all-target-headers.hmap -Xcc -iquote -Xcc /Users/hljy/Library/Developer/Xcode/DerivedData/chat-storage-ddjpulttixxbqrehwthqgtinqmqv/Build/Intermediates.noindex/chat-storage.build/Release/chat-storage.build/chat-storage-project-headers.hmap -Xcc -I/Users/hljy/Library/Developer/Xcode/DerivedData/chat-storage-ddjpulttixxbqrehwthqgtinqmqv/Build/Products/Release/include -Xcc -I/Users/hljy/Library/Developer/Xcode/DerivedData/chat-storage-ddjpulttixxbqrehwthqgtinqmqv/Build/Intermediates.noindex/chat-storage.build/Release/chat-storage.build/DerivedSources-normal/x86_64 -Xcc -I/Users/hljy/Library/Developer/Xcode/DerivedData/chat-storage-ddjpulttixxbqrehwthqgtinqmqv/Build/Intermediates.noindex/chat-storage.build/Release/chat-storage.build/DerivedSources/x86_64 -Xcc -I/Users/hljy/Library/Developer/Xcode/DerivedData/chat-storage-ddjpulttixxbqrehwthqgtinqmqv/Build/Intermediates.noindex/chat-storage.build/Release/chat-storage.build/DerivedSources -module-name chat_storage -frontend-parseable-output -disable-clang-spi -target-sdk-version 13.3 -target-sdk-name macosx13.3 -enable-default-cmo -num-threads 8 -o /Users/hljy/Library/Developer/Xcode/DerivedData/chat-storage-ddjpulttixxbqrehwthqgtinqmqv/Build/Intermediates.noindex/chat-storage.build/Release/chat-storage.build/Objects-normal/x86_64/MainChatStorage.o -o /Users/hljy/Library/Developer/Xcode/DerivedData/chat-storage-ddjpulttixxbqrehwthqgtinqmqv/Build/Intermediates.noindex/chat-storage.build/Release/chat-storage.build/Objects-normal/x86_64/ConfigServerView.o -o /Users/hljy/Library/Developer/Xcode/DerivedData/chat-storage-ddjpulttixxbqrehwthqgtinqmqv/Build/Intermediates.noindex/chat-storage.build/Release/chat-storage.build/Objects-normal/x86_64/FrameTypeEnum.o -o /Users/hljy/Library/Developer/Xcode/DerivedData/chat-storage-ddjpulttixxbqrehwthqgtinqmqv/Build/Intermediates.noindex/chat-storage.build/Release/chat-storage.build/Objects-normal/x86_64/FileDto.o -o /Users/hljy/Library/Developer/Xcode/DerivedData/chat-storage-ddjpulttixxbqrehwthqgtinqmqv/Build/Intermediates.noindex/chat-storage.build/Release/chat-storage.build/Objects-normal/x86_64/InputValidator.o -o /Users/hljy/Library/Developer/Xcode/DerivedData/chat-storage-ddjpulttixxbqrehwthqgtinqmqv/Build/Intermediates.noindex/chat-storage.build/Release/chat-storage.build/Objects-normal/x86_64/AuthenticationService.o -o /Users/hljy/Library/Developer/Xcode/DerivedData/chat-storage-ddjpulttixxbqrehwthqgtinqmqv/Build/Intermediates.noindex/chat-storage.build/Release/chat-storage.build/Objects-normal/x86_64/LoginView.o -o /Users/hljy/Library/Developer/Xcode/DerivedData/chat-storage-ddjpulttixxbqrehwthqgtinqmqv/Build/Intermediates.noindex/chat-storage.build/Release/chat-storage.build/Objects-normal/x86_64/SocketManager+FrameHandling.o -o /Users/hljy/Library/Developer/Xcode/DerivedData/chat-storage-ddjpulttixxbqrehwthqgtinqmqv/Build/Intermediates.noindex/chat-storage.build/Release/chat-storage.build/Objects-normal/x86_64/FrameParser.o -o /Users/hljy/Library/Developer/Xcode/DerivedData/chat-storage-ddjpulttixxbqrehwthqgtinqmqv/Build/Intermediates.noindex/chat-storage.build/Release/chat-storage.build/Objects-normal/x86_64/SocketManager.o -o /Users/hljy/Library/Developer/Xcode/DerivedData/chat-storage-ddjpulttixxbqrehwthqgtinqmqv/Build/Intermediates.noindex/chat-storage.build/Release/chat-storage.build/Objects-normal/x86_64/Persistence.o -o /Users/hljy/Library/Developer/Xcode/DerivedData/chat-storage-ddjpulttixxbqrehwthqgtinqmqv/Build/Intermediates.noindex/chat-storage.build/Release/chat-storage.build/Objects-normal/x86_64/Frame.o -o /Users/hljy/Library/Developer/Xcode/DerivedData/chat-storage-ddjpulttixxbqrehwthqgtinqmqv/Build/Intermediates.noindex/chat-storage.build/Release/chat-storage.build/Objects-normal/x86_64/RegisterView.o -o /Users/hljy/Library/Developer/Xcode/DerivedData/chat-storage-ddjpulttixxbqrehwthqgtinqmqv/Build/Intermediates.noindex/chat-storage.build/Release/chat-storage.build/Objects-normal/x86_64/UserDO.o -o /Users/hljy/Library/Developer/Xcode/DerivedData/chat-storage-ddjpulttixxbqrehwthqgtinqmqv/Build/Intermediates.noindex/chat-storage.build/Release/chat-storage.build/Objects-normal/x86_64/UserRequest.o -o /Users/hljy/Library/Developer/Xcode/DerivedData/chat-storage-ddjpulttixxbqrehwthqgtinqmqv/Build/Intermediates.noindex/chat-storage.build/Release/chat-storage.build/Objects-normal/x86_64/ContentView.o -o /Users/hljy/Library/Developer/Xcode/DerivedData/chat-storage-ddjpulttixxbqrehwthqgtinqmqv/Build/Intermediates.noindex/chat-storage.build/Release/chat-storage.build/Objects-normal/x86_64/chat_storageApp.o -o /Users/hljy/Library/Developer/Xcode/DerivedData/chat-storage-ddjpulttixxbqrehwthqgtinqmqv/Build/Intermediates.noindex/chat-storage.build/Release/chat-storage.build/Objects-normal/x86_64/FrameBuilder.o -o /Users/hljy/Library/Developer/Xcode/DerivedData/chat-storage-ddjpulttixxbqrehwthqgtinqmqv/Build/Intermediates.noindex/chat-storage.build/Release/chat-storage.build/Objects-normal/x86_64/DirectoryService.o -o /Users/hljy/Library/Developer/Xcode/DerivedData/chat-storage-ddjpulttixxbqrehwthqgtinqmqv/Build/Intermediates.noindex/chat-storage.build/Release/chat-storage.build/Objects-normal/x86_64/Item+CoreDataClass.o -o /Users/hljy/Library/Developer/Xcode/DerivedData/chat-storage-ddjpulttixxbqrehwthqgtinqmqv/Build/Intermediates.noindex/chat-storage.build/Release/chat-storage.build/Objects-normal/x86_64/Item+CoreDataProperties.o -o /Users/hljy/Library/Developer/Xcode/DerivedData/chat-storage-ddjpulttixxbqrehwthqgtinqmqv/Build/Intermediates.noindex/chat-storage.build/Release/chat-storage.build/Objects-normal/x86_64/TransferTaskEntity+CoreDataClass.o -o /Users/hljy/Library/Developer/Xcode/DerivedData/chat-storage-ddjpulttixxbqrehwthqgtinqmqv/Build/Intermediates.noindex/chat-storage.build/Release/chat-storage.build/Objects-normal/x86_64/TransferTaskEntity+CoreDataProperties.o -o /Users/hljy/Library/Developer/Xcode/DerivedData/chat-storage-ddjpulttixxbqrehwthqgtinqmqv/Build/Intermediates.noindex/chat-storage.build/Release/chat-storage.build/Objects-normal/x86_64/chat_storage+CoreDataModel.o -index-unit-output-path /chat-storage.build/Release/chat-storage.build/Objects-normal/x86_64/MainChatStorage.o -index-unit-output-path /chat-storage.build/Release/chat-storage.build/Objects-normal/x86_64/ConfigServerView.o -index-unit-output-path /chat-storage.build/Release/chat-storage.build/Objects-normal/x86_64/FrameTypeEnum.o -index-unit-output-path /chat-storage.build/Release/chat-storage.build/Objects-normal/x86_64/FileDto.o -index-unit-output-path /chat-storage.build/Release/chat-storage.build/Objects-normal/x86_64/InputValidator.o -index-unit-output-path /chat-storage.build/Release/chat-storage.build/Objects-normal/x86_64/AuthenticationService.o -index-unit-output-path /chat-storage.build/Release/chat-storage.build/Objects-normal/x86_64/LoginView.o -index-unit-output-path /chat-storage.build/Release/chat-storage.build/Objects-normal/x86_64/SocketManager+FrameHandling.o -index-unit-output-path /chat-storage.build/Release/chat-storage.build/Objects-normal/x86_64/FrameParser.o -index-unit-output-path /chat-storage.build/Release/chat-storage.build/Objects-normal/x86_64/SocketManager.o -index-unit-output-path /chat-storage.build/Release/chat-storage.build/Objects-normal/x86_64/Persistence.o -index-unit-output-path /chat-storage.build/Release/chat-storage.build/Objects-normal/x86_64/Frame.o -index-unit-output-path /chat-storage.build/Release/chat-storage.build/Objects-normal/x86_64/RegisterView.o -index-unit-output-path /chat-storage.build/Release/chat-storage.build/Objects-normal/x86_64/UserDO.o -index-unit-output-path /chat-storage.build/Release/chat-storage.build/Objects-normal/x86_64/UserRequest.o -index-unit-output-path /chat-storage.build/Release/chat-storage.build/Objects-normal/x86_64/ContentView.o -index-unit-output-path /chat-storage.build/Release/chat-storage.build/Objects-normal/x86_64/chat_storageApp.o -index-unit-output-path /chat-storage.build/Release/chat-storage.build/Objects-normal/x86_64/FrameBuilder.o -index-unit-output-path /chat-storage.build/Release/chat-storage.build/Objects-normal/x86_64/DirectoryService.o -index-unit-output-path /chat-storage.build/Release/chat-storage.build/Objects-normal/x86_64/Item+CoreDataClass.o -index-unit-output-path /chat-storage.build/Release/chat-storage.build/Objects-normal/x86_64/Item+CoreDataProperties.o -index-unit-output-path /chat-storage.build/Release/chat-storage.build/Objects-normal/x86_64/TransferTaskEntity+CoreDataClass.o -index-unit-output-path /chat-storage.build/Release/chat-storage.build/Objects-normal/x86_64/TransferTaskEntity+CoreDataProperties.o -index-unit-output-path /chat-storage.build/Release/chat-storage.build/Objects-normal/x86_64/chat_storage+CoreDataModel.o
/Users/hljy/macProjects/chat-storage/chat-storage/Services/DirectoryService.swift:348:20: warning: value 'dataArray' was defined but never used; consider replacing with boolean test
            if let dataArray = data as? [[String: Any]] {
               ~~~~^~~~~~~~~~~~     ~~~
                                    is
/Users/hljy/macProjects/chat-storage/chat-storage/Services/DirectoryService.swift:354:25: warning: value 'dataDict' was defined but never used; consider replacing with boolean test
            else if let dataDict = data as? [String: Any] {
                    ~~~~^~~~~~~~~~~     ~~~
                                        is
/Users/hljy/macProjects/chat-storage/chat-storage/Services/DirectoryService.swift:419:34: error: value of optional type 'String?' must be unwrapped to a value of type 'String'
                userName: entity.userName,
                                 ^
/Users/hljy/macProjects/chat-storage/chat-storage/Services/DirectoryService.swift:419:34: note: coalesce using '??' to provide a default when the optional value contains 'nil'
                userName: entity.userName,
                                 ^
                                          ?? <#default value#>
/Users/hljy/macProjects/chat-storage/chat-storage/Services/DirectoryService.swift:419:34: note: force-unwrap using '!' to abort execution if the optional value contains 'nil'
                userName: entity.userName,
                                 ^
                                         !
/Users/hljy/macProjects/chat-storage/chat-storage/Services/DirectoryService.swift:822:17: warning: 'CC_MD5' was deprecated in macOS 10.15: This function is cryptographically broken and should not be used in security contexts. Clients should migrate to SHA256 (or stronger).
            _ = CC_MD5($0.baseAddress, CC_LONG(data.count), &digest)
                ^

** BUILD FAILED **


The following build commands failed:
	CompileSwift normal arm64 (in target 'chat-storage' from project 'chat-storage')
	SwiftCompile normal arm64 Compiling\ MainChatStorage.swift,\ ConfigServerView.swift,\ FrameTypeEnum.swift,\ FileDto.swift,\ InputValidator.swift,\ AuthenticationService.swift,\ LoginView.swift,\ SocketManager+FrameHandling.swift,\ FrameParser.swift,\ SocketManager.swift,\ Persistence.swift,\ Frame.swift,\ RegisterView.swift,\ UserDO.swift,\ UserRequest.swift,\ ContentView.swift,\ chat_storageApp.swift,\ FrameBuilder.swift,\ DirectoryService.swift,\ Item+CoreDataClass.swift,\ Item+CoreDataProperties.swift,\ TransferTaskEntity+CoreDataClass.swift,\ TransferTaskEntity+CoreDataProperties.swift,\ chat_storage+CoreDataModel.swift /Users/hljy/macProjects/chat-storage/chat-storage/MainChatStorage.swift /Users/hljy/macProjects/chat-storage/chat-storage/ConfigServerView.swift /Users/hljy/macProjects/chat-storage/chat-storage/Models/frame/FrameTypeEnum.swift /Users/hljy/macProjects/chat-storage/chat-storage/Models/do/FileDto.swift /Users/hljy/macProjects/chat-storage/chat-storage/InputValidator.swift /Users/hljy/macProjects/chat-storage/chat-storage/Services/AuthenticationService.swift /Users/hljy/macProjects/chat-storage/chat-storage/LoginView.swift /Users/hljy/macProjects/chat-storage/chat-storage/SocketManager+FrameHandling.swift /Users/hljy/macProjects/chat-storage/chat-storage/Models/frame/FrameParser.swift /Users/hljy/macProjects/chat-storage/chat-storage/SocketManager.swift /Users/hljy/macProjects/chat-storage/chat-storage/Persistence.swift /Users/hljy/macProjects/chat-storage/chat-storage/Models/frame/Frame.swift /Users/hljy/macProjects/chat-storage/chat-storage/RegisterView.swift /Users/hljy/macProjects/chat-storage/chat-storage/Models/do/UserDO.swift /Users/hljy/macProjects/chat-storage/chat-storage/Models/request/UserRequest.swift /Users/hljy/macProjects/chat-storage/chat-storage/ContentView.swift /Users/hljy/macProjects/chat-storage/chat-storage/chat_storageApp.swift /Users/hljy/macProjects/chat-storage/chat-storage/Models/frame/FrameBuilder.swift /Users/hljy/macProjects/chat-storage/chat-storage/Services/DirectoryService.swift /Users/hljy/Library/Developer/Xcode/DerivedData/chat-storage-ddjpulttixxbqrehwthqgtinqmqv/Build/Intermediates.noindex/chat-storage.build/Release/chat-storage.build/DerivedSources/CoreDataGenerated/chat_storage/Item+CoreDataClass.swift /Users/hljy/Library/Developer/Xcode/DerivedData/chat-storage-ddjpulttixxbqrehwthqgtinqmqv/Build/Intermediates.noindex/chat-storage.build/Release/chat-storage.build/DerivedSources/CoreDataGenerated/chat_storage/Item+CoreDataProperties.swift /Users/hljy/Library/Developer/Xcode/DerivedData/chat-storage-ddjpulttixxbqrehwthqgtinqmqv/Build/Intermediates.noindex/chat-storage.build/Release/chat-storage.build/DerivedSources/CoreDataGenerated/chat_storage/TransferTaskEntity+CoreDataClass.swift /Users/hljy/Library/Developer/Xcode/DerivedData/chat-storage-ddjpulttixxbqrehwthqgtinqmqv/Build/Intermediates.noindex/chat-storage.build/Release/chat-storage.build/DerivedSources/CoreDataGenerated/chat_storage/TransferTaskEntity+CoreDataProperties.swift /Users/hljy/Library/Developer/Xcode/DerivedData/chat-storage-ddjpulttixxbqrehwthqgtinqmqv/Build/Intermediates.noindex/chat-storage.build/Release/chat-storage.build/DerivedSources/CoreDataGenerated/chat_storage/chat_storage+CoreDataModel.swift (in target 'chat-storage' from project 'chat-storage')
	CompileSwift normal x86_64 (in target 'chat-storage' from project 'chat-storage')
	SwiftCompile normal x86_64 Compiling\ MainChatStorage.swift,\ ConfigServerView.swift,\ FrameTypeEnum.swift,\ FileDto.swift,\ InputValidator.swift,\ AuthenticationService.swift,\ LoginView.swift,\ SocketManager+FrameHandling.swift,\ FrameParser.swift,\ SocketManager.swift,\ Persistence.swift,\ Frame.swift,\ RegisterView.swift,\ UserDO.swift,\ UserRequest.swift,\ ContentView.swift,\ chat_storageApp.swift,\ FrameBuilder.swift,\ DirectoryService.swift,\ Item+CoreDataClass.swift,\ Item+CoreDataProperties.swift,\ TransferTaskEntity+CoreDataClass.swift,\ TransferTaskEntity+CoreDataProperties.swift,\ chat_storage+CoreDataModel.swift /Users/hljy/macProjects/chat-storage/chat-storage/MainChatStorage.swift /Users/hljy/macProjects/chat-storage/chat-storage/ConfigServerView.swift /Users/hljy/macProjects/chat-storage/chat-storage/Models/frame/FrameTypeEnum.swift /Users/hljy/macProjects/chat-storage/chat-storage/Models/do/FileDto.swift /Users/hljy/macProjects/chat-storage/chat-storage/InputValidator.swift /Users/hljy/macProjects/chat-storage/chat-storage/Services/AuthenticationService.swift /Users/hljy/macProjects/chat-storage/chat-storage/LoginView.swift /Users/hljy/macProjects/chat-storage/chat-storage/SocketManager+FrameHandling.swift /Users/hljy/macProjects/chat-storage/chat-storage/Models/frame/FrameParser.swift /Users/hljy/macProjects/chat-storage/chat-storage/SocketManager.swift /Users/hljy/macProjects/chat-storage/chat-storage/Persistence.swift /Users/hljy/macProjects/chat-storage/chat-storage/Models/frame/Frame.swift /Users/hljy/macProjects/chat-storage/chat-storage/RegisterView.swift /Users/hljy/macProjects/chat-storage/chat-storage/Models/do/UserDO.swift /Users/hljy/macProjects/chat-storage/chat-storage/Models/request/UserRequest.swift /Users/hljy/macProjects/chat-storage/chat-storage/ContentView.swift /Users/hljy/macProjects/chat-storage/chat-storage/chat_storageApp.swift /Users/hljy/macProjects/chat-storage/chat-storage/Models/frame/FrameBuilder.swift /Users/hljy/macProjects/chat-storage/chat-storage/Services/DirectoryService.swift /Users/hljy/Library/Developer/Xcode/DerivedData/chat-storage-ddjpulttixxbqrehwthqgtinqmqv/Build/Intermediates.noindex/chat-storage.build/Release/chat-storage.build/DerivedSources/CoreDataGenerated/chat_storage/Item+CoreDataClass.swift /Users/hljy/Library/Developer/Xcode/DerivedData/chat-storage-ddjpulttixxbqrehwthqgtinqmqv/Build/Intermediates.noindex/chat-storage.build/Release/chat-storage.build/DerivedSources/CoreDataGenerated/chat_storage/Item+CoreDataProperties.swift /Users/hljy/Library/Developer/Xcode/DerivedData/chat-storage-ddjpulttixxbqrehwthqgtinqmqv/Build/Intermediates.noindex/chat-storage.build/Release/chat-storage.build/DerivedSources/CoreDataGenerated/chat_storage/TransferTaskEntity+CoreDataClass.swift /Users/hljy/Library/Developer/Xcode/DerivedData/chat-storage-ddjpulttixxbqrehwthqgtinqmqv/Build/Intermediates.noindex/chat-storage.build/Release/chat-storage.build/DerivedSources/CoreDataGenerated/chat_storage/TransferTaskEntity+CoreDataProperties.swift /Users/hljy/Library/Developer/Xcode/DerivedData/chat-storage-ddjpulttixxbqrehwthqgtinqmqv/Build/Intermediates.noindex/chat-storage.build/Release/chat-storage.build/DerivedSources/CoreDataGenerated/chat_storage/chat_storage+CoreDataModel.swift (in target 'chat-storage' from project 'chat-storage')
(4 failures)
