1776391006.113583 client started (31574): version 3.6a, socket /private/tmp/tmux-501/default, protocol 8
1776391006.113647 on Darwin 24.6.0 Darwin Kernel Version 24.6.0: Fri Feb 27 19:30:16 PST 2026; root:xnu-11417.140.69.709.8~1/RELEASE_ARM64_T8112
1776391006.113667 using libevent 2.1.12-stable select
1776391006.113685 using utf8proc 2.11.3
1776391006.113697 using ncurses 6.5 20240427
1776391006.113724 flags are 0x10010000
1776391006.113737 socket is /private/tmp/tmux-501/default
1776391006.113753 trying connect
1776391006.113810 add peer 0x600001d3c000: 6 (0x0)
1776391006.116994 sending message 111 to peer 0x600001d3c000 (8 bytes)
1776391006.117045 sending message 111 to peer 0x600001d3c000 (8 bytes)
1776391006.117058 sending message 101 to peer 0x600001d3c000 (14 bytes)
1776391006.117069 sending message 109 to peer 0x600001d3c000 (4 bytes)
1776391006.117078 sending message 102 to peer 0x600001d3c000 (13 bytes)
1776391006.117087 sending message 108 to peer 0x600001d3c000 (37 bytes)
1776391006.117095 sending message 112 to peer 0x600001d3c000 (70 bytes)
1776391006.117104 sending message 112 to peer 0x600001d3c000 (5 bytes)
1776391006.117113 sending message 112 to peer 0x600001d3c000 (5 bytes)
1776391006.117121 sending message 112 to peer 0x600001d3c000 (6 bytes)
1776391006.117130 sending message 112 to peer 0x600001d3c000 (6 bytes)
1776391006.117139 sending message 112 to peer 0x600001d3c000 (11 bytes)
1776391006.117174 sending message 112 to peer 0x600001d3c000 (10 bytes)
1776391006.117188 sending message 112 to peer 0x600001d3c000 (13 bytes)
1776391006.117199 sending message 112 to peer 0x600001d3c000 (13 bytes)
1776391006.117209 sending message 112 to peer 0x600001d3c000 (18 bytes)
1776391006.117218 sending message 112 to peer 0x600001d3c000 (11 bytes)
1776391006.117226 sending message 112 to peer 0x600001d3c000 (10 bytes)
1776391006.117261 sending message 112 to peer 0x600001d3c000 (15 bytes)
1776391006.117285 sending message 112 to peer 0x600001d3c000 (21 bytes)
1776391006.117312 sending message 112 to peer 0x600001d3c000 (13 bytes)
1776391006.117335 sending message 112 to peer 0x600001d3c000 (7 bytes)
1776391006.117349 sending message 112 to peer 0x600001d3c000 (13 bytes)
1776391006.117359 sending message 112 to peer 0x600001d3c000 (7 bytes)
1776391006.117369 sending message 112 to peer 0x600001d3c000 (13 bytes)
1776391006.117378 sending message 112 to peer 0x600001d3c000 (9 bytes)
1776391006.117387 sending message 112 to peer 0x600001d3c000 (21 bytes)
1776391006.117396 sending message 112 to peer 0x600001d3c000 (13 bytes)
1776391006.117405 sending message 112 to peer 0x600001d3c000 (8 bytes)
1776391006.117414 sending message 112 to peer 0x600001d3c000 (12 bytes)
1776391006.117422 sending message 112 to peer 0x600001d3c000 (13 bytes)
1776391006.117431 sending message 112 to peer 0x600001d3c000 (9 bytes)
1776391006.117439 sending message 112 to peer 0x600001d3c000 (9 bytes)
1776391006.117448 sending message 112 to peer 0x600001d3c000 (12 bytes)
1776391006.117457 sending message 112 to peer 0x600001d3c000 (8 bytes)
1776391006.117466 sending message 112 to peer 0x600001d3c000 (8 bytes)
1776391006.117474 sending message 112 to peer 0x600001d3c000 (7 bytes)
1776391006.117483 sending message 112 to peer 0x600001d3c000 (7 bytes)
1776391006.117491 sending message 112 to peer 0x600001d3c000 (9 bytes)
1776391006.117500 sending message 112 to peer 0x600001d3c000 (13 bytes)
1776391006.117508 sending message 112 to peer 0x600001d3c000 (6 bytes)
1776391006.117516 sending message 112 to peer 0x600001d3c000 (9 bytes)
1776391006.117525 sending message 112 to peer 0x600001d3c000 (15 bytes)
1776391006.117534 sending message 112 to peer 0x600001d3c000 (13 bytes)
1776391006.117543 sending message 112 to peer 0x600001d3c000 (12 bytes)
1776391006.117551 sending message 112 to peer 0x600001d3c000 (8 bytes)
1776391006.117560 sending message 112 to peer 0x600001d3c000 (14 bytes)
1776391006.117568 sending message 112 to peer 0x600001d3c000 (11 bytes)
1776391006.117578 sending message 112 to peer 0x600001d3c000 (9 bytes)
1776391006.117586 sending message 112 to peer 0x600001d3c000 (10 bytes)
1776391006.117611 sending message 112 to peer 0x600001d3c000 (10 bytes)
1776391006.117618 sending message 112 to peer 0x600001d3c000 (10 bytes)
1776391006.117624 sending message 112 to peer 0x600001d3c000 (10 bytes)
1776391006.117630 sending message 112 to peer 0x600001d3c000 (11 bytes)
1776391006.117636 sending message 112 to peer 0x600001d3c000 (12 bytes)
1776391006.117642 sending message 112 to peer 0x600001d3c000 (12 bytes)
1776391006.117648 sending message 112 to peer 0x600001d3c000 (12 bytes)
1776391006.117654 sending message 112 to peer 0x600001d3c000 (12 bytes)
1776391006.117660 sending message 112 to peer 0x600001d3c000 (12 bytes)
1776391006.117666 sending message 112 to peer 0x600001d3c000 (11 bytes)
1776391006.117672 sending message 112 to peer 0x600001d3c000 (11 bytes)
1776391006.117678 sending message 112 to peer 0x600001d3c000 (12 bytes)
1776391006.117683 sending message 112 to peer 0x600001d3c000 (12 bytes)
1776391006.117689 sending message 112 to peer 0x600001d3c000 (12 bytes)
1776391006.117695 sending message 112 to peer 0x600001d3c000 (12 bytes)
1776391006.117701 sending message 112 to peer 0x600001d3c000 (12 bytes)
1776391006.117707 sending message 112 to peer 0x600001d3c000 (10 bytes)
1776391006.117713 sending message 112 to peer 0x600001d3c000 (12 bytes)
1776391006.117719 sending message 112 to peer 0x600001d3c000 (13 bytes)
1776391006.117725 sending message 112 to peer 0x600001d3c000 (13 bytes)
1776391006.117731 sending message 112 to peer 0x600001d3c000 (13 bytes)
1776391006.117737 sending message 112 to peer 0x600001d3c000 (13 bytes)
1776391006.117743 sending message 112 to peer 0x600001d3c000 (13 bytes)
1776391006.117749 sending message 112 to peer 0x600001d3c000 (8 bytes)
1776391006.117755 sending message 112 to peer 0x600001d3c000 (11 bytes)
1776391006.117761 sending message 112 to peer 0x600001d3c000 (11 bytes)
1776391006.117767 sending message 112 to peer 0x600001d3c000 (11 bytes)
1776391006.117774 sending message 112 to peer 0x600001d3c000 (12 bytes)
1776391006.117779 sending message 112 to peer 0x600001d3c000 (12 bytes)
1776391006.117785 sending message 112 to peer 0x600001d3c000 (12 bytes)
1776391006.117791 sending message 112 to peer 0x600001d3c000 (12 bytes)
1776391006.117798 sending message 112 to peer 0x600001d3c000 (13 bytes)
1776391006.117804 sending message 112 to peer 0x600001d3c000 (13 bytes)
1776391006.117810 sending message 112 to peer 0x600001d3c000 (13 bytes)
1776391006.117817 sending message 112 to peer 0x600001d3c000 (8 bytes)
1776391006.117823 sending message 112 to peer 0x600001d3c000 (13 bytes)
1776391006.117829 sending message 112 to peer 0x600001d3c000 (13 bytes)
1776391006.117835 sending message 112 to peer 0x600001d3c000 (13 bytes)
1776391006.117842 sending message 112 to peer 0x600001d3c000 (13 bytes)
1776391006.117848 sending message 112 to peer 0x600001d3c000 (13 bytes)
1776391006.117854 sending message 112 to peer 0x600001d3c000 (12 bytes)
1776391006.117860 sending message 112 to peer 0x600001d3c000 (12 bytes)
1776391006.117867 sending message 112 to peer 0x600001d3c000 (12 bytes)
1776391006.117873 sending message 112 to peer 0x600001d3c000 (12 bytes)
1776391006.117880 sending message 112 to peer 0x600001d3c000 (13 bytes)
1776391006.117886 sending message 112 to peer 0x600001d3c000 (8 bytes)
1776391006.117892 sending message 112 to peer 0x600001d3c000 (13 bytes)
1776391006.117898 sending message 112 to peer 0x600001d3c000 (13 bytes)
1776391006.117904 sending message 112 to peer 0x600001d3c000 (13 bytes)
1776391006.117910 sending message 112 to peer 0x600001d3c000 (13 bytes)
1776391006.117916 sending message 112 to peer 0x600001d3c000 (13 bytes)
1776391006.117922 sending message 112 to peer 0x600001d3c000 (13 bytes)
1776391006.117928 sending message 112 to peer 0x600001d3c000 (13 bytes)
1776391006.117934 sending message 112 to peer 0x600001d3c000 (12 bytes)
1776391006.117940 sending message 112 to peer 0x600001d3c000 (12 bytes)
1776391006.117946 sending message 112 to peer 0x600001d3c000 (12 bytes)
1776391006.117951 sending message 112 to peer 0x600001d3c000 (8 bytes)
1776391006.117968 sending message 112 to peer 0x600001d3c000 (12 bytes)
1776391006.117974 sending message 112 to peer 0x600001d3c000 (13 bytes)
1776391006.117980 sending message 112 to peer 0x600001d3c000 (13 bytes)
1776391006.117986 sending message 112 to peer 0x600001d3c000 (13 bytes)
1776391006.117992 sending message 112 to peer 0x600001d3c000 (13 bytes)
1776391006.117998 sending message 112 to peer 0x600001d3c000 (13 bytes)
1776391006.118004 sending message 112 to peer 0x600001d3c000 (13 bytes)
1776391006.118010 sending message 112 to peer 0x600001d3c000 (13 bytes)
1776391006.118016 sending message 112 to peer 0x600001d3c000 (13 bytes)
1776391006.118022 sending message 112 to peer 0x600001d3c000 (12 bytes)
1776391006.118028 sending message 112 to peer 0x600001d3c000 (10 bytes)
1776391006.118034 sending message 112 to peer 0x600001d3c000 (12 bytes)
1776391006.118041 sending message 112 to peer 0x600001d3c000 (12 bytes)
1776391006.118047 sending message 112 to peer 0x600001d3c000 (12 bytes)
1776391006.118068 sending message 112 to peer 0x600001d3c000 (13 bytes)
1776391006.118080 sending message 112 to peer 0x600001d3c000 (13 bytes)
1776391006.118088 sending message 112 to peer 0x600001d3c000 (13 bytes)
1776391006.118095 sending message 112 to peer 0x600001d3c000 (13 bytes)
1776391006.118101 sending message 112 to peer 0x600001d3c000 (13 bytes)
1776391006.118107 sending message 112 to peer 0x600001d3c000 (13 bytes)
1776391006.118113 sending message 112 to peer 0x600001d3c000 (13 bytes)
1776391006.118120 sending message 112 to peer 0x600001d3c000 (10 bytes)
1776391006.118126 sending message 112 to peer 0x600001d3c000 (13 bytes)
1776391006.118132 sending message 112 to peer 0x600001d3c000 (12 bytes)
1776391006.118138 sending message 112 to peer 0x600001d3c000 (12 bytes)
1776391006.118144 sending message 112 to peer 0x600001d3c000 (12 bytes)
1776391006.118151 sending message 112 to peer 0x600001d3c000 (10 bytes)
1776391006.118157 sending message 112 to peer 0x600001d3c000 (10 bytes)
1776391006.118163 sending message 112 to peer 0x600001d3c000 (10 bytes)
1776391006.118169 sending message 112 to peer 0x600001d3c000 (12 bytes)
1776391006.118175 sending message 112 to peer 0x600001d3c000 (13 bytes)
1776391006.118181 sending message 112 to peer 0x600001d3c000 (13 bytes)
1776391006.118187 sending message 112 to peer 0x600001d3c000 (13 bytes)
1776391006.118193 sending message 112 to peer 0x600001d3c000 (13 bytes)
1776391006.118199 sending message 112 to peer 0x600001d3c000 (13 bytes)
1776391006.118205 sending message 112 to peer 0x600001d3c000 (11 bytes)
1776391006.118210 sending message 112 to peer 0x600001d3c000 (11 bytes)
1776391006.118217 sending message 112 to peer 0x600001d3c000 (12 bytes)
1776391006.118229 sending message 112 to peer 0x600001d3c000 (12 bytes)
1776391006.118235 sending message 112 to peer 0x600001d3c000 (12 bytes)
1776391006.118241 sending message 112 to peer 0x600001d3c000 (12 bytes)
1776391006.118272 sending message 112 to peer 0x600001d3c000 (12 bytes)
1776391006.118280 sending message 112 to peer 0x600001d3c000 (11 bytes)
1776391006.118287 sending message 112 to peer 0x600001d3c000 (12 bytes)
1776391006.118293 sending message 112 to peer 0x600001d3c000 (12 bytes)
1776391006.118299 sending message 112 to peer 0x600001d3c000 (13 bytes)
1776391006.118305 sending message 112 to peer 0x600001d3c000 (13 bytes)
1776391006.118334 sending message 112 to peer 0x600001d3c000 (13 bytes)
1776391006.118348 sending message 112 to peer 0x600001d3c000 (13 bytes)
1776391006.118355 sending message 112 to peer 0x600001d3c000 (13 bytes)
1776391006.118362 sending message 112 to peer 0x600001d3c000 (10 bytes)
1776391006.118368 sending message 112 to peer 0x600001d3c000 (9 bytes)
1776391006.118375 sending message 112 to peer 0x600001d3c000 (12 bytes)
1776391006.118381 sending message 112 to peer 0x600001d3c000 (13 bytes)
1776391006.118388 sending message 112 to peer 0x600001d3c000 (13 bytes)
1776391006.118394 sending message 112 to peer 0x600001d3c000 (13 bytes)
1776391006.118400 sending message 112 to peer 0x600001d3c000 (13 bytes)
1776391006.118444 sending message 112 to peer 0x600001d3c000 (13 bytes)
1776391006.118455 sending message 112 to peer 0x600001d3c000 (9 bytes)
1776391006.118462 sending message 112 to peer 0x600001d3c000 (12 bytes)
1776391006.118469 sending message 112 to peer 0x600001d3c000 (13 bytes)
1776391006.118475 sending message 112 to peer 0x600001d3c000 (13 bytes)
1776391006.118481 sending message 112 to peer 0x600001d3c000 (13 bytes)
1776391006.118487 sending message 112 to peer 0x600001d3c000 (13 bytes)
1776391006.118493 sending message 112 to peer 0x600001d3c000 (13 bytes)
1776391006.118500 sending message 112 to peer 0x600001d3c000 (11 bytes)
1776391006.118506 sending message 112 to peer 0x600001d3c000 (12 bytes)
1776391006.118513 sending message 112 to peer 0x600001d3c000 (13 bytes)
1776391006.118553 sending message 112 to peer 0x600001d3c000 (13 bytes)
1776391006.118561 sending message 112 to peer 0x600001d3c000 (13 bytes)
1776391006.118568 sending message 112 to peer 0x600001d3c000 (13 bytes)
1776391006.118683 sending message 112 to peer 0x600001d3c000 (13 bytes)
1776391006.118695 sending message 112 to peer 0x600001d3c000 (11 bytes)
1776391006.118701 sending message 112 to peer 0x600001d3c000 (12 bytes)
1776391006.118708 sending message 112 to peer 0x600001d3c000 (12 bytes)
1776391006.118715 sending message 112 to peer 0x600001d3c000 (12 bytes)
1776391006.118721 sending message 112 to peer 0x600001d3c000 (12 bytes)
1776391006.118727 sending message 112 to peer 0x600001d3c000 (12 bytes)
1776391006.118733 sending message 112 to peer 0x600001d3c000 (21 bytes)
1776391006.118740 sending message 112 to peer 0x600001d3c000 (12 bytes)
1776391006.118746 sending message 112 to peer 0x600001d3c000 (9 bytes)
1776391006.118751 sending message 112 to peer 0x600001d3c000 (6 bytes)
1776391006.118758 sending message 112 to peer 0x600001d3c000 (13 bytes)
1776391006.118764 sending message 112 to peer 0x600001d3c000 (8 bytes)
1776391006.118770 sending message 112 to peer 0x600001d3c000 (15 bytes)
1776391006.118776 sending message 112 to peer 0x600001d3c000 (13 bytes)
1776391006.118782 sending message 112 to peer 0x600001d3c000 (9 bytes)
1776391006.118788 sending message 112 to peer 0x600001d3c000 (70 bytes)
1776391006.118794 sending message 112 to peer 0x600001d3c000 (69 bytes)
1776391006.118800 sending message 112 to peer 0x600001d3c000 (10 bytes)
1776391006.118806 sending message 112 to peer 0x600001d3c000 (10 bytes)
1776391006.118812 sending message 112 to peer 0x600001d3c000 (8 bytes)
1776391006.118818 sending message 112 to peer 0x600001d3c000 (15 bytes)
1776391006.118824 sending message 112 to peer 0x600001d3c000 (13 bytes)
1776391006.118830 sending message 112 to peer 0x600001d3c000 (10 bytes)
1776391006.118835 sending message 112 to peer 0x600001d3c000 (10 bytes)
1776391006.118841 sending message 112 to peer 0x600001d3c000 (17 bytes)
1776391006.118847 sending message 112 to peer 0x600001d3c000 (10 bytes)
1776391006.118853 sending message 112 to peer 0x600001d3c000 (13 bytes)
1776391006.118859 sending message 112 to peer 0x600001d3c000 (9 bytes)
1776391006.118865 sending message 112 to peer 0x600001d3c000 (5 bytes)
1776391006.118871 sending message 112 to peer 0x600001d3c000 (15 bytes)
1776391006.118880 sending message 104 to peer 0x600001d3c000 (0 bytes)
1776391006.118887 sending message 110 to peer 0x600001d3c000 (0 bytes)
1776391006.118892 sending message 107 to peer 0x600001d3c000 (4 bytes)
1776391006.118899 sending message 105 to peer 0x600001d3c000 (66 bytes)
1776391006.118906 sending message 105 to peer 0x600001d3c000 (62 bytes)
1776391006.118912 sending message 105 to peer 0x600001d3c000 (20 bytes)
1776391006.118918 sending message 105 to peer 0x600001d3c000 (22 bytes)
1776391006.118924 sending message 105 to peer 0x600001d3c000 (68 bytes)
1776391006.118930 sending message 105 to peer 0x600001d3c000 (70 bytes)
1776391006.118945 sending message 105 to peer 0x600001d3c000 (76 bytes)
1776391006.118959 sending message 105 to peer 0x600001d3c000 (66 bytes)
1776391006.118979 sending message 105 to peer 0x600001d3c000 (57 bytes)
1776391006.119008 sending message 105 to peer 0x600001d3c000 (75 bytes)
1776391006.119018 sending message 105 to peer 0x600001d3c000 (47 bytes)
1776391006.119025 sending message 105 to peer 0x600001d3c000 (64 bytes)
1776391006.119031 sending message 105 to peer 0x600001d3c000 (17 bytes)
1776391006.119038 sending message 105 to peer 0x600001d3c000 (78 bytes)
1776391006.119044 sending message 105 to peer 0x600001d3c000 (68 bytes)
1776391006.119050 sending message 105 to peer 0x600001d3c000 (37 bytes)
1776391006.119057 sending message 105 to peer 0x600001d3c000 (64 bytes)
1776391006.119062 sending message 105 to peer 0x600001d3c000 (30 bytes)
1776391006.119069 sending message 105 to peer 0x600001d3c000 (34 bytes)
1776391006.119075 sending message 105 to peer 0x600001d3c000 (60 bytes)
1776391006.119081 sending message 105 to peer 0x600001d3c000 (60 bytes)
1776391006.119087 sending message 105 to peer 0x600001d3c000 (82 bytes)
1776391006.119100 sending message 105 to peer 0x600001d3c000 (84 bytes)
1776391006.119106 sending message 105 to peer 0x600001d3c000 (17 bytes)
1776391006.119112 sending message 105 to peer 0x600001d3c000 (13 bytes)
1776391006.119154 sending message 105 to peer 0x600001d3c000 (156 bytes)
1776391006.119162 sending message 105 to peer 0x600001d3c000 (44 bytes)
1776391006.119165 sending message 105 to peer 0x600001d3c000 (1525 bytes)
1776391006.119177 sending message 105 to peer 0x600001d3c000 (68 bytes)
1776391006.119182 sending message 105 to peer 0x600001d3c000 (41 bytes)
1776391006.119185 sending message 105 to peer 0x600001d3c000 (66 bytes)
1776391006.119188 sending message 105 to peer 0x600001d3c000 (62 bytes)
1776391006.119192 sending message 105 to peer 0x600001d3c000 (68 bytes)
1776391006.119194 sending message 105 to peer 0x600001d3c000 (15 bytes)
1776391006.119197 sending message 105 to peer 0x600001d3c000 (8 bytes)
1776391006.119200 sending message 105 to peer 0x600001d3c000 (66 bytes)
1776391006.119202 sending message 105 to peer 0x600001d3c000 (64 bytes)
1776391006.119205 sending message 105 to peer 0x600001d3c000 (41 bytes)
1776391006.119207 sending message 105 to peer 0x600001d3c000 (38 bytes)
1776391006.119210 sending message 105 to peer 0x600001d3c000 (64 bytes)
1776391006.119212 sending message 105 to peer 0x600001d3c000 (19 bytes)
1776391006.119216 sending message 105 to peer 0x600001d3c000 (63 bytes)
1776391006.119219 sending message 105 to peer 0x600001d3c000 (18 bytes)
1776391006.119221 sending message 105 to peer 0x600001d3c000 (26 bytes)
1776391006.119224 sending message 105 to peer 0x600001d3c000 (57 bytes)
1776391006.119226 sending message 105 to peer 0x600001d3c000 (43 bytes)
1776391006.119229 sending message 105 to peer 0x600001d3c000 (13 bytes)
1776391006.119231 sending message 105 to peer 0x600001d3c000 (10 bytes)
1776391006.119233 sending message 105 to peer 0x600001d3c000 (64 bytes)
1776391006.119236 sending message 105 to peer 0x600001d3c000 (68 bytes)
1776391006.119238 sending message 105 to peer 0x600001d3c000 (98 bytes)
1776391006.119241 sending message 105 to peer 0x600001d3c000 (14 bytes)
1776391006.119243 sending message 105 to peer 0x600001d3c000 (19 bytes)
1776391006.119246 sending message 105 to peer 0x600001d3c000 (43 bytes)
1776391006.119248 sending message 105 to peer 0x600001d3c000 (34 bytes)
1776391006.119251 sending message 105 to peer 0x600001d3c000 (59 bytes)
1776391006.119253 sending message 105 to peer 0x600001d3c000 (25 bytes)
1776391006.119256 sending message 105 to peer 0x600001d3c000 (16 bytes)
1776391006.119258 sending message 105 to peer 0x600001d3c000 (52 bytes)
1776391006.119260 sending message 105 to peer 0x600001d3c000 (61 bytes)
1776391006.119263 sending message 105 to peer 0x600001d3c000 (25 bytes)
1776391006.119265 sending message 106 to peer 0x600001d3c000 (0 bytes)
1776391006.119340 sending message 200 to peer 0x600001d3c000 (4 bytes)
1776391006.119346 client loop enter
1776391006.119506 peer 0x600001d3c000 message 303
1776391006.119518 open write file 2 -
1776391006.119547 sending message 305 to peer 0x600001d3c000 (8 bytes)
1776391006.119566 write check file 2
1776391006.119597 peer 0x600001d3c000 message 304
1776391006.119601 write 58 to file 2
1776391006.119606 peer 0x600001d3c000 message 203
1776391006.119608 file 2 58 bytes left
1776391006.119619 write check file 2
1776391006.119622 client loop exit
