1776391000.888214 client started (31201): version 3.6a, socket /private/tmp/tmux-501/default, protocol 8
1776391000.888255 on Darwin 24.6.0 Darwin Kernel Version 24.6.0: Fri Feb 27 19:30:16 PST 2026; root:xnu-11417.140.69.709.8~1/RELEASE_ARM64_T8112
1776391000.888264 using libevent 2.1.12-stable select
1776391000.888450 using utf8proc 2.11.3
1776391000.888459 using ncurses 6.5 20240427
1776391000.888473 flags are 0x18010000
1776391000.888478 socket is /private/tmp/tmux-501/default
1776391000.888488 trying connect
1776391000.888521 add peer 0x600000480000: 6 (0x0)
1776391000.890322 sending message 111 to peer 0x600000480000 (8 bytes)
1776391000.890331 sending message 111 to peer 0x600000480000 (8 bytes)
1776391000.890335 sending message 101 to peer 0x600000480000 (15 bytes)
1776391000.890339 sending message 109 to peer 0x600000480000 (4 bytes)
1776391000.890342 sending message 102 to peer 0x600000480000 (13 bytes)
1776391000.890346 sending message 108 to peer 0x600000480000 (37 bytes)
1776391000.890349 sending message 112 to peer 0x600000480000 (58 bytes)
1776391000.890353 sending message 112 to peer 0x600000480000 (5 bytes)
1776391000.890356 sending message 112 to peer 0x600000480000 (5 bytes)
1776391000.890359 sending message 112 to peer 0x600000480000 (6 bytes)
1776391000.890363 sending message 112 to peer 0x600000480000 (6 bytes)
1776391000.890366 sending message 112 to peer 0x600000480000 (11 bytes)
1776391000.890369 sending message 112 to peer 0x600000480000 (10 bytes)
1776391000.890373 sending message 112 to peer 0x600000480000 (13 bytes)
1776391000.890376 sending message 112 to peer 0x600000480000 (14 bytes)
1776391000.890379 sending message 112 to peer 0x600000480000 (19 bytes)
1776391000.890383 sending message 112 to peer 0x600000480000 (11 bytes)
1776391000.890386 sending message 112 to peer 0x600000480000 (10 bytes)
1776391000.890389 sending message 112 to peer 0x600000480000 (15 bytes)
1776391000.890393 sending message 112 to peer 0x600000480000 (21 bytes)
1776391000.890396 sending message 112 to peer 0x600000480000 (13 bytes)
1776391000.890399 sending message 112 to peer 0x600000480000 (7 bytes)
1776391000.890403 sending message 112 to peer 0x600000480000 (13 bytes)
1776391000.890406 sending message 112 to peer 0x600000480000 (7 bytes)
1776391000.890409 sending message 112 to peer 0x600000480000 (13 bytes)
1776391000.890413 sending message 112 to peer 0x600000480000 (9 bytes)
1776391000.890416 sending message 112 to peer 0x600000480000 (21 bytes)
1776391000.890419 sending message 112 to peer 0x600000480000 (13 bytes)
1776391000.890422 sending message 112 to peer 0x600000480000 (9 bytes)
1776391000.890426 sending message 112 to peer 0x600000480000 (16 bytes)
1776391000.890429 sending message 112 to peer 0x600000480000 (13 bytes)
1776391000.890432 sending message 112 to peer 0x600000480000 (9 bytes)
1776391000.890436 sending message 112 to peer 0x600000480000 (9 bytes)
1776391000.890439 sending message 112 to peer 0x600000480000 (12 bytes)
1776391000.890442 sending message 112 to peer 0x600000480000 (8 bytes)
1776391000.890445 sending message 112 to peer 0x600000480000 (8 bytes)
1776391000.890449 sending message 112 to peer 0x600000480000 (13 bytes)
1776391000.890452 sending message 112 to peer 0x600000480000 (7 bytes)
1776391000.890455 sending message 112 to peer 0x600000480000 (7 bytes)
1776391000.890459 sending message 112 to peer 0x600000480000 (9 bytes)
1776391000.890462 sending message 112 to peer 0x600000480000 (9 bytes)
1776391000.890465 sending message 112 to peer 0x600000480000 (15 bytes)
1776391000.890469 sending message 112 to peer 0x600000480000 (13 bytes)
1776391000.890472 sending message 112 to peer 0x600000480000 (12 bytes)
1776391000.890475 sending message 112 to peer 0x600000480000 (8 bytes)
1776391000.890478 sending message 112 to peer 0x600000480000 (14 bytes)
1776391000.890482 sending message 112 to peer 0x600000480000 (11 bytes)
1776391000.890485 sending message 112 to peer 0x600000480000 (9 bytes)
1776391000.890488 sending message 112 to peer 0x600000480000 (10 bytes)
1776391000.890492 sending message 112 to peer 0x600000480000 (10 bytes)
1776391000.890502 sending message 112 to peer 0x600000480000 (10 bytes)
1776391000.890504 sending message 112 to peer 0x600000480000 (10 bytes)
1776391000.890507 sending message 112 to peer 0x600000480000 (11 bytes)
1776391000.890509 sending message 112 to peer 0x600000480000 (12 bytes)
1776391000.890512 sending message 112 to peer 0x600000480000 (12 bytes)
1776391000.890514 sending message 112 to peer 0x600000480000 (12 bytes)
1776391000.890517 sending message 112 to peer 0x600000480000 (12 bytes)
1776391000.890519 sending message 112 to peer 0x600000480000 (12 bytes)
1776391000.890522 sending message 112 to peer 0x600000480000 (11 bytes)
1776391000.890524 sending message 112 to peer 0x600000480000 (11 bytes)
1776391000.890526 sending message 112 to peer 0x600000480000 (12 bytes)
1776391000.890529 sending message 112 to peer 0x600000480000 (12 bytes)
1776391000.890531 sending message 112 to peer 0x600000480000 (12 bytes)
1776391000.890534 sending message 112 to peer 0x600000480000 (12 bytes)
1776391000.890536 sending message 112 to peer 0x600000480000 (12 bytes)
1776391000.890538 sending message 112 to peer 0x600000480000 (9 bytes)
1776391000.890541 sending message 112 to peer 0x600000480000 (12 bytes)
1776391000.890543 sending message 112 to peer 0x600000480000 (13 bytes)
1776391000.890546 sending message 112 to peer 0x600000480000 (13 bytes)
1776391000.890548 sending message 112 to peer 0x600000480000 (13 bytes)
1776391000.890550 sending message 112 to peer 0x600000480000 (13 bytes)
1776391000.890553 sending message 112 to peer 0x600000480000 (13 bytes)
1776391000.890555 sending message 112 to peer 0x600000480000 (8 bytes)
1776391000.890558 sending message 112 to peer 0x600000480000 (11 bytes)
1776391000.890560 sending message 112 to peer 0x600000480000 (11 bytes)
1776391000.890563 sending message 112 to peer 0x600000480000 (11 bytes)
1776391000.890565 sending message 112 to peer 0x600000480000 (12 bytes)
1776391000.890567 sending message 112 to peer 0x600000480000 (12 bytes)
1776391000.890570 sending message 112 to peer 0x600000480000 (12 bytes)
1776391000.890572 sending message 112 to peer 0x600000480000 (12 bytes)
1776391000.890574 sending message 112 to peer 0x600000480000 (13 bytes)
1776391000.890577 sending message 112 to peer 0x600000480000 (13 bytes)
1776391000.890579 sending message 112 to peer 0x600000480000 (13 bytes)
1776391000.890582 sending message 112 to peer 0x600000480000 (8 bytes)
1776391000.890584 sending message 112 to peer 0x600000480000 (13 bytes)
1776391000.890587 sending message 112 to peer 0x600000480000 (13 bytes)
1776391000.890589 sending message 112 to peer 0x600000480000 (13 bytes)
1776391000.890592 sending message 112 to peer 0x600000480000 (13 bytes)
1776391000.890594 sending message 112 to peer 0x600000480000 (13 bytes)
1776391000.890596 sending message 112 to peer 0x600000480000 (12 bytes)
1776391000.890599 sending message 112 to peer 0x600000480000 (12 bytes)
1776391000.890601 sending message 112 to peer 0x600000480000 (12 bytes)
1776391000.890604 sending message 112 to peer 0x600000480000 (12 bytes)
1776391000.890606 sending message 112 to peer 0x600000480000 (13 bytes)
1776391000.890608 sending message 112 to peer 0x600000480000 (8 bytes)
1776391000.890611 sending message 112 to peer 0x600000480000 (13 bytes)
1776391000.890613 sending message 112 to peer 0x600000480000 (13 bytes)
1776391000.890616 sending message 112 to peer 0x600000480000 (13 bytes)
1776391000.890618 sending message 112 to peer 0x600000480000 (13 bytes)
1776391000.890621 sending message 112 to peer 0x600000480000 (13 bytes)
1776391000.890623 sending message 112 to peer 0x600000480000 (13 bytes)
1776391000.890625 sending message 112 to peer 0x600000480000 (13 bytes)
1776391000.890628 sending message 112 to peer 0x600000480000 (12 bytes)
1776391000.890630 sending message 112 to peer 0x600000480000 (12 bytes)
1776391000.890633 sending message 112 to peer 0x600000480000 (12 bytes)
1776391000.890635 sending message 112 to peer 0x600000480000 (8 bytes)
1776391000.890638 sending message 112 to peer 0x600000480000 (12 bytes)
1776391000.890644 sending message 112 to peer 0x600000480000 (13 bytes)
1776391000.890647 sending message 112 to peer 0x600000480000 (13 bytes)
1776391000.890649 sending message 112 to peer 0x600000480000 (13 bytes)
1776391000.890652 sending message 112 to peer 0x600000480000 (13 bytes)
1776391000.890654 sending message 112 to peer 0x600000480000 (13 bytes)
1776391000.890657 sending message 112 to peer 0x600000480000 (13 bytes)
1776391000.890659 sending message 112 to peer 0x600000480000 (13 bytes)
1776391000.890662 sending message 112 to peer 0x600000480000 (13 bytes)
1776391000.890664 sending message 112 to peer 0x600000480000 (12 bytes)
1776391000.890666 sending message 112 to peer 0x600000480000 (10 bytes)
1776391000.890669 sending message 112 to peer 0x600000480000 (12 bytes)
1776391000.890672 sending message 112 to peer 0x600000480000 (12 bytes)
1776391000.890674 sending message 112 to peer 0x600000480000 (12 bytes)
1776391000.890676 sending message 112 to peer 0x600000480000 (13 bytes)
1776391000.890679 sending message 112 to peer 0x600000480000 (13 bytes)
1776391000.890681 sending message 112 to peer 0x600000480000 (13 bytes)
1776391000.890684 sending message 112 to peer 0x600000480000 (13 bytes)
1776391000.890686 sending message 112 to peer 0x600000480000 (13 bytes)
1776391000.890689 sending message 112 to peer 0x600000480000 (13 bytes)
1776391000.890691 sending message 112 to peer 0x600000480000 (13 bytes)
1776391000.890694 sending message 112 to peer 0x600000480000 (10 bytes)
1776391000.890696 sending message 112 to peer 0x600000480000 (13 bytes)
1776391000.890699 sending message 112 to peer 0x600000480000 (12 bytes)
1776391000.890701 sending message 112 to peer 0x600000480000 (12 bytes)
1776391000.890703 sending message 112 to peer 0x600000480000 (12 bytes)
1776391000.890706 sending message 112 to peer 0x600000480000 (10 bytes)
1776391000.890708 sending message 112 to peer 0x600000480000 (10 bytes)
1776391000.890711 sending message 112 to peer 0x600000480000 (10 bytes)
1776391000.890713 sending message 112 to peer 0x600000480000 (12 bytes)
1776391000.890716 sending message 112 to peer 0x600000480000 (13 bytes)
1776391000.890718 sending message 112 to peer 0x600000480000 (13 bytes)
1776391000.890721 sending message 112 to peer 0x600000480000 (13 bytes)
1776391000.890723 sending message 112 to peer 0x600000480000 (13 bytes)
1776391000.890725 sending message 112 to peer 0x600000480000 (13 bytes)
1776391000.890728 sending message 112 to peer 0x600000480000 (10 bytes)
1776391000.890730 sending message 112 to peer 0x600000480000 (11 bytes)
1776391000.890733 sending message 112 to peer 0x600000480000 (12 bytes)
1776391000.890735 sending message 112 to peer 0x600000480000 (12 bytes)
1776391000.890738 sending message 112 to peer 0x600000480000 (12 bytes)
1776391000.890740 sending message 112 to peer 0x600000480000 (12 bytes)
1776391000.890742 sending message 112 to peer 0x600000480000 (12 bytes)
1776391000.890745 sending message 112 to peer 0x600000480000 (11 bytes)
1776391000.890747 sending message 112 to peer 0x600000480000 (12 bytes)
1776391000.890750 sending message 112 to peer 0x600000480000 (12 bytes)
1776391000.890752 sending message 112 to peer 0x600000480000 (13 bytes)
1776391000.890754 sending message 112 to peer 0x600000480000 (13 bytes)
1776391000.890757 sending message 112 to peer 0x600000480000 (13 bytes)
1776391000.890759 sending message 112 to peer 0x600000480000 (13 bytes)
1776391000.890762 sending message 112 to peer 0x600000480000 (13 bytes)
1776391000.890764 sending message 112 to peer 0x600000480000 (10 bytes)
1776391000.890767 sending message 112 to peer 0x600000480000 (9 bytes)
1776391000.890769 sending message 112 to peer 0x600000480000 (12 bytes)
1776391000.890772 sending message 112 to peer 0x600000480000 (13 bytes)
1776391000.890774 sending message 112 to peer 0x600000480000 (13 bytes)
1776391000.890776 sending message 112 to peer 0x600000480000 (13 bytes)
1776391000.890779 sending message 112 to peer 0x600000480000 (13 bytes)
1776391000.890781 sending message 112 to peer 0x600000480000 (13 bytes)
1776391000.890787 sending message 112 to peer 0x600000480000 (9 bytes)
1776391000.890790 sending message 112 to peer 0x600000480000 (12 bytes)
1776391000.890792 sending message 112 to peer 0x600000480000 (13 bytes)
1776391000.890795 sending message 112 to peer 0x600000480000 (13 bytes)
1776391000.890797 sending message 112 to peer 0x600000480000 (13 bytes)
1776391000.890799 sending message 112 to peer 0x600000480000 (13 bytes)
1776391000.890802 sending message 112 to peer 0x600000480000 (13 bytes)
1776391000.890804 sending message 112 to peer 0x600000480000 (11 bytes)
1776391000.890807 sending message 112 to peer 0x600000480000 (12 bytes)
1776391000.890809 sending message 112 to peer 0x600000480000 (13 bytes)
1776391000.890812 sending message 112 to peer 0x600000480000 (13 bytes)
1776391000.890814 sending message 112 to peer 0x600000480000 (13 bytes)
1776391000.890816 sending message 112 to peer 0x600000480000 (13 bytes)
1776391000.890819 sending message 112 to peer 0x600000480000 (13 bytes)
1776391000.890821 sending message 112 to peer 0x600000480000 (11 bytes)
1776391000.890824 sending message 112 to peer 0x600000480000 (12 bytes)
1776391000.890826 sending message 112 to peer 0x600000480000 (12 bytes)
1776391000.890829 sending message 112 to peer 0x600000480000 (12 bytes)
1776391000.890831 sending message 112 to peer 0x600000480000 (12 bytes)
1776391000.890834 sending message 112 to peer 0x600000480000 (12 bytes)
1776391000.890836 sending message 112 to peer 0x600000480000 (21 bytes)
1776391000.890838 sending message 112 to peer 0x600000480000 (12 bytes)
1776391000.890841 sending message 112 to peer 0x600000480000 (9 bytes)
1776391000.890843 sending message 112 to peer 0x600000480000 (6 bytes)
1776391000.890846 sending message 112 to peer 0x600000480000 (13 bytes)
1776391000.890848 sending message 112 to peer 0x600000480000 (10 bytes)
1776391000.890851 sending message 112 to peer 0x600000480000 (24 bytes)
1776391000.890853 sending message 112 to peer 0x600000480000 (13 bytes)
1776391000.890856 sending message 112 to peer 0x600000480000 (9 bytes)
1776391000.890858 sending message 112 to peer 0x600000480000 (70 bytes)
1776391000.890861 sending message 112 to peer 0x600000480000 (69 bytes)
1776391000.890863 sending message 112 to peer 0x600000480000 (12 bytes)
1776391000.890866 sending message 112 to peer 0x600000480000 (10 bytes)
1776391000.890868 sending message 112 to peer 0x600000480000 (10 bytes)
1776391000.890871 sending message 112 to peer 0x600000480000 (24 bytes)
1776391000.890873 sending message 112 to peer 0x600000480000 (13 bytes)
1776391000.890876 sending message 112 to peer 0x600000480000 (10 bytes)
1776391000.890879 sending message 112 to peer 0x600000480000 (10 bytes)
1776391000.890881 sending message 112 to peer 0x600000480000 (10 bytes)
1776391000.890884 sending message 112 to peer 0x600000480000 (13 bytes)
1776391000.890886 sending message 112 to peer 0x600000480000 (15 bytes)
1776391000.890889 sending message 112 to peer 0x600000480000 (5 bytes)
1776391000.890892 sending message 104 to peer 0x600000480000 (0 bytes)
1776391000.890895 sending message 110 to peer 0x600000480000 (0 bytes)
1776391000.890898 sending message 107 to peer 0x600000480000 (4 bytes)
1776391000.890900 sending message 105 to peer 0x600000480000 (53 bytes)
1776391000.890903 sending message 105 to peer 0x600000480000 (66 bytes)
1776391000.890906 sending message 105 to peer 0x600000480000 (68 bytes)
1776391000.890908 sending message 105 to peer 0x600000480000 (76 bytes)
1776391000.890911 sending message 105 to peer 0x600000480000 (64 bytes)
1776391000.890913 sending message 105 to peer 0x600000480000 (68 bytes)
1776391000.890916 sending message 105 to peer 0x600000480000 (14 bytes)
1776391000.890919 sending message 105 to peer 0x600000480000 (66 bytes)
1776391000.890921 sending message 105 to peer 0x600000480000 (62 bytes)
1776391000.890923 sending message 105 to peer 0x600000480000 (62 bytes)
1776391000.890926 sending message 105 to peer 0x600000480000 (64 bytes)
1776391000.890928 sending message 105 to peer 0x600000480000 (40 bytes)
1776391000.890936 sending message 105 to peer 0x600000480000 (64 bytes)
1776391000.890938 sending message 105 to peer 0x600000480000 (84 bytes)
1776391000.890941 sending message 105 to peer 0x600000480000 (66 bytes)
1776391000.890943 sending message 105 to peer 0x600000480000 (28 bytes)
1776391000.890945 sending message 105 to peer 0x600000480000 (27 bytes)
1776391000.890948 sending message 105 to peer 0x600000480000 (68 bytes)
1776391000.890950 sending message 105 to peer 0x600000480000 (68 bytes)
1776391000.890953 sending message 105 to peer 0x600000480000 (66 bytes)
1776391000.890955 sending message 105 to peer 0x600000480000 (82 bytes)
1776391000.890958 sending message 105 to peer 0x600000480000 (60 bytes)
1776391000.890960 sending message 105 to peer 0x600000480000 (57 bytes)
1776391000.890962 sending message 105 to peer 0x600000480000 (19 bytes)
1776391000.890965 sending message 105 to peer 0x600000480000 (20 bytes)
1776391000.890967 sending message 105 to peer 0x600000480000 (70 bytes)
1776391000.890970 sending message 105 to peer 0x600000480000 (15 bytes)
1776391000.890972 sending message 105 to peer 0x600000480000 (17 bytes)
1776391000.890975 sending message 105 to peer 0x600000480000 (13 bytes)
1776391000.890977 sending message 105 to peer 0x600000480000 (10 bytes)
1776391000.890980 sending message 105 to peer 0x600000480000 (1230 bytes)
1776391000.890983 sending message 105 to peer 0x600000480000 (8 bytes)
1776391000.890985 sending message 105 to peer 0x600000480000 (41 bytes)
1776391000.890987 sending message 105 to peer 0x600000480000 (31 bytes)
1776391000.890990 sending message 105 to peer 0x600000480000 (64 bytes)
1776391000.890992 sending message 105 to peer 0x600000480000 (78 bytes)
1776391000.890995 sending message 105 to peer 0x600000480000 (68 bytes)
1776391000.890997 sending message 105 to peer 0x600000480000 (30 bytes)
1776391000.891000 sending message 105 to peer 0x600000480000 (37 bytes)
1776391000.891002 sending message 105 to peer 0x600000480000 (34 bytes)
1776391000.891005 sending message 105 to peer 0x600000480000 (35 bytes)
1776391000.891009 sending message 105 to peer 0x600000480000 (38 bytes)
1776391000.891012 sending message 105 to peer 0x600000480000 (41 bytes)
1776391000.891014 sending message 105 to peer 0x600000480000 (64 bytes)
1776391000.891017 sending message 105 to peer 0x600000480000 (59 bytes)
1776391000.891019 sending message 105 to peer 0x600000480000 (25 bytes)
1776391000.891022 sending message 105 to peer 0x600000480000 (16 bytes)
1776391000.891024 sending message 105 to peer 0x600000480000 (52 bytes)
1776391000.891027 sending message 105 to peer 0x600000480000 (61 bytes)
1776391000.891030 sending message 105 to peer 0x600000480000 (15 bytes)
1776391000.891032 sending message 105 to peer 0x600000480000 (25 bytes)
1776391000.891035 sending message 106 to peer 0x600000480000 (0 bytes)
1776391000.891090 sending message 200 to peer 0x600000480000 (4 bytes)
1776391000.891095 client loop enter
1776391000.903877 peer 0x600000480000 message 207
1776391000.903941 sending message 208 to peer 0x600000480000 (0 bytes)
1776391077.976396 peer 0x600000480000 message 210
1776391077.976624 sending message 205 to peer 0x600000480000 (0 bytes)
1776391077.977318 peer 0x600000480000 message 204
1776391077.977354 client loop exit
